Archive member included to satisfy reference by file (symbol)

app/libapp.a(main.c.obj)      (--whole-archive)
zephyr/libzephyr.a(heap.c.obj)
                              (--whole-archive)
zephyr/libzephyr.a(cbprintf_packaged.c.obj)
                              (--whole-archive)
zephyr/libzephyr.a(printk.c.obj)
                              (--whole-archive)
zephyr/libzephyr.a(sem.c.obj)
                              (--whole-archive)
zephyr/libzephyr.a(thread_entry.c.obj)
                              (--whole-archive)
zephyr/libzephyr.a(cbprintf_complete.c.obj)
                              (--whole-archive)
zephyr/libzephyr.a(assert.c.obj)
                              (--whole-archive)
zephyr/libzephyr.a(dec.c.obj)
                              (--whole-archive)
zephyr/libzephyr.a(hex.c.obj)
                              (--whole-archive)
zephyr/libzephyr.a(rb.c.obj)  (--whole-archive)
zephyr/libzephyr.a(timeutil.c.obj)
                              (--whole-archive)
zephyr/libzephyr.a(bitarray.c.obj)
                              (--whole-archive)
zephyr/libzephyr.a(ring_buffer.c.obj)
                              (--whole-archive)
zephyr/libzephyr.a(configs.c.obj)
                              (--whole-archive)
zephyr/libzephyr.a(soc.c.obj)
                              (--whole-archive)
zephyr/libzephyr.a(mem_attr.c.obj)
                              (--whole-archive)
zephyr/libzephyr.a(tracing_none.c.obj)
                              (--whole-archive)
zephyr/libzephyr.a(system_efr32bg22.c.obj)
                              (--whole-archive)
zephyr/libzephyr.a(em_system.c.obj)
                              (--whole-archive)
zephyr/libzephyr.a(sl_clock_manager.c.obj)
                              (--whole-archive)
zephyr/libzephyr.a(sl_clock_manager_hal_s2.c.obj)
                              (--whole-archive)
zephyr/libzephyr.a(sl_clock_manager_init.c.obj)
                              (--whole-archive)
zephyr/libzephyr.a(sl_clock_manager_init_hal_s2.c.obj)
                              (--whole-archive)
zephyr/libzephyr.a(sl_device_peripheral_hal_efr32xg22.c.obj)
                              (--whole-archive)
zephyr/libzephyr.a(sl_device_clock.c.obj)
                              (--whole-archive)
zephyr/libzephyr.a(sl_device_gpio.c.obj)
                              (--whole-archive)
zephyr/libzephyr.a(sl_device_peripheral.c.obj)
                              (--whole-archive)
zephyr/libzephyr.a(sli_memory_profiler_stubs.c.obj)
                              (--whole-archive)
zephyr/libzephyr.a(sl_device_clock_efr32xg22.c.obj)
                              (--whole-archive)
zephyr/libzephyr.a(sl_hal_sysrtc.c.obj)
                              (--whole-archive)
zephyr/libzephyr.a(sl_sleeptimer_hal_rtcc.c.obj)
                              (--whole-archive)
zephyr/libzephyr.a(sl_sleeptimer_hal_sysrtc.c.obj)
                              (--whole-archive)
zephyr/libzephyr.a(sl_sleeptimer.c.obj)
                              (--whole-archive)
zephyr/libzephyr.a(em_cmu.c.obj)
                              (--whole-archive)
zephyr/libzephyr.a(sl_device_init_dcdc_s2.c.obj)
                              (--whole-archive)
zephyr/libzephyr.a(sl_slist.c.obj)
                              (--whole-archive)
zephyr/libzephyr.a(em_core.c.obj)
                              (--whole-archive)
zephyr/libzephyr.a(sl_core_cortexm.c.obj)
                              (--whole-archive)
zephyr/libzephyr.a(em_emu.c.obj)
                              (--whole-archive)
zephyr/libzephyr.a(em_gpio.c.obj)
                              (--whole-archive)
zephyr/libzephyr.a(sl_gpio.c.obj)
                              (--whole-archive)
zephyr/libzephyr.a(sl_hal_gpio.c.obj)
                              (--whole-archive)
zephyr/libzephyr.a(em_prs.c.obj)
                              (--whole-archive)
zephyr/libzephyr.a(em_rtcc.c.obj)
                              (--whole-archive)
zephyr/libzephyr.a(em_usart.c.obj)
                              (--whole-archive)
zephyr/libzephyr.a(sl_se_manager.c.obj)
                              (--whole-archive)
zephyr/libzephyr.a(sl_se_manager_util.c.obj)
                              (--whole-archive)
zephyr/libzephyr.a(sli_se_manager_mailbox.c.obj)
                              (--whole-archive)
zephyr/libzephyr.a(sl_interrupt_manager_shim.c.obj)
                              (--whole-archive)
zephyr/libzephyr.a(sl_memory_manager_shim.c.obj)
                              (--whole-archive)
zephyr/arch/common/libarch__common.a(sw_isr_common.c.obj)
                              (--whole-archive)
zephyr/arch/arch/arm/core/libarch__arm__core.a(fatal.c.obj)
                              (--whole-archive)
zephyr/arch/arch/arm/core/libarch__arm__core.a(nmi.c.obj)
                              (--whole-archive)
zephyr/arch/arch/arm/core/libarch__arm__core.a(nmi_on_reset.S.obj)
                              (--whole-archive)
zephyr/arch/arch/arm/core/libarch__arm__core.a(tls.c.obj)
[...]
Memory Configuration

Name             Origin             Length             Attributes
FLASH            0x0000000000000000 0x0000000000080000 xr
RAM              0x0000000020000000 0x0000000000008000 xw
IDT_LIST         0x00000000ffff7fff 0x0000000000008000 xw
*default*        0x0000000000000000 0xffffffffffffffff

Linker script and memory map

                0x00000000000039f8                vfprintf = __l_vfprintf
                0x0000000000000000                vfscanf = __l_vfscanf
LOAD zephyr/CMakeFiles/zephyr_final.dir/misc/empty_file.c.obj
LOAD zephyr/CMakeFiles/zephyr_final.dir/isr_tables.c.obj
LOAD zephyr/CMakeFiles/offsets.dir/./arch/arm/core/offsets/offsets.c.obj
LOAD app/libapp.a
LOAD zephyr/libzephyr.a
LOAD zephyr/arch/common/libarch__common.a
LOAD zephyr/arch/arch/arm/core/libarch__arm__core.a
LOAD zephyr/arch/arch/arm/core/cortex_m/libarch__arm__core__cortex_m.a
LOAD zephyr/arch/arch/arm/core/cortex_m/cmse/libarch__arm__core__cortex_m__cmse.a
LOAD zephyr/arch/arch/arm/core/mpu/libarch__arm__core__mpu.a
LOAD zephyr/lib/libc/picolibc/liblib__libc__picolibc.a
LOAD zephyr/lib/libc/common/liblib__libc__common.a
LOAD zephyr/drivers/clock_control/libdrivers__clock_control.a
LOAD zephyr/drivers/console/libdrivers__console.a
LOAD zephyr/drivers/gpio/libdrivers__gpio.a
LOAD zephyr/drivers/pinctrl/libdrivers__pinctrl.a
LOAD zephyr/drivers/serial/libdrivers__serial.a
LOAD zephyr/drivers/timer/libdrivers__timer.a
LOAD zephyr/kernel/libkernel.a
LOAD zephyr/arch/common/libisr_tables.a
LOAD /home/edge/zephyr-sdk-0.17.0/arm-zephyr-eabi/bin/../lib/gcc/../../picolibc/arm-zephyr-eabi/lib/thumb/v8-m.main/nofp/libc.a
LOAD /home/edge/zephyr-sdk-0.17.0/arm-zephyr-eabi/bin/../lib/gcc/arm-zephyr-eabi/12.2.0/thumb/v8-m.main/nofp/libgcc.a
                0x0000000000000020                _region_min_align = 0x20

.rel.plt        0x0000000000000000        0x0
 *(SORT_BY_ALIGNMENT(.rel.plt))
                [!provide]                        PROVIDE (__rel_iplt_start = .)
 *(SORT_BY_ALIGNMENT(.rel.iplt))
 .rel.iplt      0x0000000000000000        0x0 zephyr/CMakeFiles/zephyr_final.dir/isr_tables.c.obj
                [!provide]                        PROVIDE (__rel_iplt_end = .)

.rela.plt       0x0000000000000000        0x0
 *(SORT_BY_ALIGNMENT(.rela.plt))
                [!provide]                        PROVIDE (__rela_iplt_start = .)
 *(SORT_BY_ALIGNMENT(.rela.iplt))
                [!provide]                        PROVIDE (__rela_iplt_end = .)

.rel.dyn
 *(SORT_BY_ALIGNMENT(.rel.*))

.rela.dyn
 *(SORT_BY_ALIGNMENT(.rela.*))

/DISCARD/
 *(SORT_BY_ALIGNMENT(.plt))

/DISCARD/
 *(SORT_BY_ALIGNMENT(.iplt))
                0x0000000000000000                __rom_region_start = 0x0

rom_start       0x0000000000000000      0x130
                0x0000000000000000                __rom_start_address = .
 FILL mask 0x00
                0x0000000000000000                . = (. + (0x0 - (. - __rom_start_address)))
                0x0000000000000000                . = ALIGN (0x4)
                0x0000000000000000                . = ALIGN (0x80)
                0x0000000000000000                . = ALIGN (0x200)
                0x0000000000000000                _vector_start = .
 *(SORT_BY_ALIGNMENT(.exc_vector_table))
 *(SORT_BY_ALIGNMENT(.exc_vector_table.*))
 .exc_vector_table._vector_table_section
                0x0000000000000000       0x40 zephyr/arch/arch/arm/core/cortex_m/libarch__arm__core__cortex_m.a(vector_table.S.obj)
                0x0000000000000000                _vector_table
 *(SORT_BY_ALIGNMENT(.vectors))
                0x0000000000000130                _vector_end = .
                0x0000000000000040                . = ALIGN (0x4)
 *(SORT_BY_ALIGNMENT(.gnu.linkonce.irq_vector_table*))
 .gnu.linkonce.irq_vector_table
                0x0000000000000040       0xf0 zephyr/CMakeFiles/zephyr_final.dir/isr_tables.c.obj
                0x0000000000000040                _irq_vector_table
                0x0000000000000130                _vector_end = .

text            0x0000000000000130     0x462c
                0x0000000000000130                __text_region_start = .
 *(SORT_BY_ALIGNMENT(.text))
 .text          0x0000000000000130       0x30 /home/edge/zephyr-sdk-0.17.0/arm-zephyr-eabi/bin/../lib/gcc/arm-zephyr-eabi/12.2.0/thumb/v8-m.main/nofp/libgcc.a(_aeabi_uldivmod.o)
                0x0000000000000130                __aeabi_uldivmod
 .text          0x0000000000000160        0x4 /home/edge/zephyr-sdk-0.17.0/arm-zephyr-eabi/bin/../lib/gcc/arm-zephyr-eabi/12.2.0/thumb/v8-m.main/nofp/libgcc.a(_dvmd_tls.o)
                0x0000000000000160                __aeabi_ldiv0
                0x0000000000000160                __aeabi_idiv0
 .text          0x0000000000000164       0x14 /home/edge/zephyr-sdk-0.17.0/arm-zephyr-eabi/bin/../lib/gcc/../../picolibc/arm-zephyr-eabi/lib/thumb/v8-m.main/nofp/libc.a(strcmp.S.o)
                0x0000000000000164                strcmp
 .text          0x0000000000000178       0x10 /home/edge/zephyr-sdk-0.17.0/arm-zephyr-eabi/bin/../lib/gcc/../../picolibc/arm-zephyr-eabi/lib/thumb/v8-m.main/nofp/libc.a(strlen.S.o)
                0x0000000000000178                strlen
 .text          0x0000000000000188      0x29c /home/edge/zephyr-sdk-0.17.0/arm-zephyr-eabi/bin/../lib/gcc/arm-zephyr-eabi/12.2.0/thumb/v8-m.main/nofp/libgcc.a(_udivmoddi4.o)
                0x0000000000000188                __udivmoddi4
 *(SORT_BY_ALIGNMENT(.text.*))
 .text.uart_configure.constprop.0
                0x0000000000000424       0x14 app/libapp.a(main.c.obj)
 .text.send_str
                0x0000000000000438       0x34 app/libapp.a(main.c.obj)
                0x0000000000000438                send_str
 .text.recv_str
                0x000000000000046c       0x3c app/libapp.a(main.c.obj)
                0x000000000000046c                recv_str
 .text.main     0x00000000000004a8      0x128 app/libapp.a(main.c.obj)
                0x00000000000004a8                main
 .text.char_out
                0x00000000000005d0        0xc zephyr/libzephyr.a(printk.c.obj)
 .text.__printk_hook_install
                0x00000000000005dc        0xc zephyr/libzephyr.a(printk.c.obj)
                0x00000000000005dc                __printk_hook_install
 .text.vprintk  0x00000000000005e8       0x30 zephyr/libzephyr.a(printk.c.obj)
                0x00000000000005e8                vprintk
 .text.z_thread_entry
                0x0000000000000618       0x34 zephyr/libzephyr.a(thread_entry.c.obj)
                0x0000000000000618                z_thread_entry
 .text.smu_fault
                0x000000000000064c       0x14 zephyr/libzephyr.a(soc.c.obj)
 .text.soc_early_init_hook
                0x0000000000000660       0x40 zephyr/libzephyr.a(soc.c.obj)
                0x0000000000000660                soc_early_init_hook
 .text.soc_prep_hook
                0x00000000000006a0       0x5c zephyr/libzephyr.a(soc.c.obj)
                0x00000000000006a0                soc_prep_hook
 .text.mem_attr_get_regions
                0x00000000000006fc        0xc zephyr/libzephyr.a(mem_attr.c.obj)
                0x00000000000006fc                mem_attr_get_regions
 .text.SystemHFRCODPLLClockSet
                0x0000000000000708        0xc zephyr/libzephyr.a(system_efr32bg22.c.obj)
                0x0000000000000708                SystemHFRCODPLLClockSet
 .text.SystemHFXOClockSet
                0x0000000000000714       0x20 zephyr/libzephyr.a(system_efr32bg22.c.obj)
                0x0000000000000714                SystemHFXOClockSet
 .text.SYSTEM_GetProdRev
                0x0000000000000734       0x10 zephyr/libzephyr.a(em_system.c.obj)
                0x0000000000000734                SYSTEM_GetProdRev
 .text.sli_clock_manager_hal_enable_bus_clock
                0x0000000000000744       0x40 zephyr/libzephyr.a(sl_clock_manager_hal_s2.c.obj)
                0x0000000000000744                sli_clock_manager_hal_enable_bus_clock
 .text.sli_clock_manager_hal_init
                0x0000000000000784      0x23c zephyr/libzephyr.a(sl_clock_manager_init_hal_s2.c.obj)
                0x0000000000000784                sli_clock_manager_hal_init
 .text.sleeptimer_hal_init_timer
                0x00000000000009c0       0x80 zephyr/libzephyr.a(sl_sleeptimer_hal_rtcc.c.obj)
                0x00000000000009c0                sleeptimer_hal_init_timer
 .text.RTCC_IRQHandler
                0x0000000000000a40       0x34 zephyr/libzephyr.a(sl_sleeptimer_hal_rtcc.c.obj)
                0x0000000000000a40                RTCC_IRQHandler
 .text.sl_sleeptimer_init
                0x0000000000000a74       0x74 zephyr/libzephyr.a(sl_sleeptimer.c.obj)
                0x0000000000000a74                sl_sleeptimer_init
 .text.EMU_VScaleGet
                0x0000000000000ae8       0x18 zephyr/libzephyr.a(em_cmu.c.obj)
 .text.em01GrpbClkGet
                0x0000000000000b00       0x68 zephyr/libzephyr.a(em_cmu.c.obj)
 .text.dpllRefClkGet
                0x0000000000000b68       0x48 zephyr/libzephyr.a(em_cmu.c.obj)
 .text.em01GrpaClkGet
                0x0000000000000bb0       0x48 zephyr/libzephyr.a(em_cmu.c.obj)
 .text.em23GrpaClkGet
                0x0000000000000bf8       0x48 zephyr/libzephyr.a(em_cmu.c.obj)
 .text.em4GrpaClkGet
                0x0000000000000c40       0x48 zephyr/libzephyr.a(em_cmu.c.obj)
 .text.HFRCODPLLDevinfoGet
                0x0000000000000c88       0xf4 zephyr/libzephyr.a(em_cmu.c.obj)
 .text.iadcClkGet
                0x0000000000000d7c       0x44 zephyr/libzephyr.a(em_cmu.c.obj)
 .text.rtccClkGet
                0x0000000000000dc0       0x48 zephyr/libzephyr.a(em_cmu.c.obj)
 .text.wdog0ClkGet
                0x0000000000000e08       0x58 zephyr/libzephyr.a(em_cmu.c.obj)
 .text.euart0ClkGet
                0x0000000000000e60       0x38 zephyr/libzephyr.a(em_cmu.c.obj)
 .text.CMU_ClockDivGet
                0x0000000000000e98       0x54 zephyr/libzephyr.a(em_cmu.c.obj)
                0x0000000000000e98                CMU_ClockDivGet
 .text.flashWaitStateControl
                0x0000000000000eec       0x4c zephyr/libzephyr.a(em_cmu.c.obj)
 .text.CMU_ClockEnable
                0x0000000000000f38       0x40 zephyr/libzephyr.a(em_cmu.c.obj)
                0x0000000000000f38                CMU_ClockEnable
 .text.CMU_ClockFreqGet
                0x0000000000000f78      0x268 zephyr/libzephyr.a(em_cmu.c.obj)
                0x0000000000000f78                CMU_ClockFreqGet
 .text.rhclkPrescOptimize
                0x00000000000011e0       0x20 zephyr/libzephyr.a(em_cmu.c.obj)
 .text.CMU_ClockSelectGet
                0x0000000000001200      0x134 zephyr/libzephyr.a(em_cmu.c.obj)
                0x0000000000001200                CMU_ClockSelectGet
 .text.sli_em_cmu_SYSTICEXTCLKENClear
                0x0000000000001334       0x30 zephyr/libzephyr.a(em_cmu.c.obj)
                0x0000000000001334                sli_em_cmu_SYSTICEXTCLKENClear
 .text.CMU_HFXOInit
                0x0000000000001364      0x144 zephyr/libzephyr.a(em_cmu.c.obj)
                0x0000000000001364                CMU_HFXOInit
 .text.CMU_HFXOCTuneDeltaGet
                0x00000000000014a8        0xc zephyr/libzephyr.a(em_cmu.c.obj)
                0x00000000000014a8                CMU_HFXOCTuneDeltaGet
 .text.CMU_LFXOInit
                0x00000000000014b4       0x7c zephyr/libzephyr.a(em_cmu.c.obj)
                0x00000000000014b4                CMU_LFXOInit
 .text.CMU_LFXOPrecisionSet
                0x0000000000001530        0xc zephyr/libzephyr.a(em_cmu.c.obj)
                0x0000000000001530                CMU_LFXOPrecisionSet
 .text.CMU_HFXOPrecisionSet
                0x000000000000153c        0xc zephyr/libzephyr.a(em_cmu.c.obj)
                0x000000000000153c                CMU_HFXOPrecisionSet
 .text.CMU_LFRCOSetPrecision
                0x0000000000001548       0x80 zephyr/libzephyr.a(em_cmu.c.obj)
                0x0000000000001548                CMU_LFRCOSetPrecision
 .text.CMU_ClockDivSet
                0x00000000000015c8       0xac zephyr/libzephyr.a(em_cmu.c.obj)
                0x00000000000015c8                CMU_ClockDivSet
 .text.sli_em_cmu_SYSCLKInitPreClockSelect
                0x0000000000001674       0x30 zephyr/libzephyr.a(em_cmu.c.obj)
                0x0000000000001674                sli_em_cmu_SYSCLKInitPreClockSelect
 .text.pclkDivOptimize
                0x00000000000016a4       0x24 zephyr/libzephyr.a(em_cmu.c.obj)
 .text.sli_em_cmu_SYSCLKInitPostClockSelect
                0x00000000000016c8       0x40 zephyr/libzephyr.a(em_cmu.c.obj)
                0x00000000000016c8                sli_em_cmu_SYSCLKInitPostClockSelect
 .text.CMU_DPLLLock
                0x0000000000001708      0x1cc zephyr/libzephyr.a(em_cmu.c.obj)
                0x0000000000001708                CMU_DPLLLock
 .text.sl_device_init_dcdc
                0x00000000000018d4       0x20 zephyr/libzephyr.a(sl_device_init_dcdc_s2.c.obj)
                0x00000000000018d4                sl_device_init_dcdc
 .text.EMU_VScaleEM01
                0x00000000000018f4       0x80 zephyr/libzephyr.a(em_emu.c.obj)
                0x00000000000018f4                EMU_VScaleEM01
 .text.EMU_VScaleEM01ByClock
                0x0000000000001974       0x30 zephyr/libzephyr.a(em_emu.c.obj)
                0x0000000000001974                EMU_VScaleEM01ByClock
 .text.EMU_DCDCModeSet
                0x00000000000019a4       0xb8 zephyr/libzephyr.a(em_emu.c.obj)
                0x00000000000019a4                EMU_DCDCModeSet
 .text.EMU_DCDCInit
                0x0000000000001a5c       0x74 zephyr/libzephyr.a(em_emu.c.obj)
                0x0000000000001a5c                EMU_DCDCInit
 .text.GPIO_ExtIntConfig
                0x0000000000001ad0       0xb4 zephyr/libzephyr.a(em_gpio.c.obj)
                0x0000000000001ad0                GPIO_ExtIntConfig
 .text.GPIO_PinModeSet
                0x0000000000001b84       0x80 zephyr/libzephyr.a(em_gpio.c.obj)
                0x0000000000001b84                GPIO_PinModeSet
 .text.RTCC_ChannelInit
                0x0000000000001c04       0x34 zephyr/libzephyr.a(em_rtcc.c.obj)
                0x0000000000001c04                RTCC_ChannelInit
 .text.RTCC_Enable
                0x0000000000001c38       0x54 zephyr/libzephyr.a(em_rtcc.c.obj)
                0x0000000000001c38                RTCC_Enable
 .text.RTCC_Init
                0x0000000000001c8c       0x48 zephyr/libzephyr.a(em_rtcc.c.obj)
                0x0000000000001c8c                RTCC_Init
 .text.USART_BaudrateAsyncSet
                0x0000000000001cd4       0x60 zephyr/libzephyr.a(em_usart.c.obj)
                0x0000000000001cd4                USART_BaudrateAsyncSet
 .text.USART_Reset
                0x0000000000001d34       0x50 zephyr/libzephyr.a(em_usart.c.obj)
                0x0000000000001d34                USART_Reset
 .text.USART_InitAsync
                0x0000000000001d84      0x104 zephyr/libzephyr.a(em_usart.c.obj)
                0x0000000000001d84                USART_InitAsync
 .text.sl_interrupt_manager_clear_irq_pending
                0x0000000000001e88       0x20 zephyr/libzephyr.a(sl_interrupt_manager_shim.c.obj)
                0x0000000000001e88                sl_interrupt_manager_clear_irq_pending
 .text.z_SysNmiOnReset
                0x0000000000001ea8        0x8 zephyr/arch/arch/arm/core/libarch__arm__core.a(nmi_on_reset.S.obj)
                0x0000000000001ea8                z_SysNmiOnReset
 .text.arch_tls_stack_setup
                0x0000000000001eb0       0x40 zephyr/arch/arch/arm/core/libarch__arm__core.a(tls.c.obj)
                0x0000000000001eb0                arch_tls_stack_setup
 .text._HandlerModeExit
                0x0000000000001ef0       0x20 zephyr/arch/arch/arm/core/cortex_m/libarch__arm__core__cortex_m.a(exc_exit.c.obj)
                0x0000000000001ef0                z_arm_exc_exit
                0x0000000000001ef0                z_arm_int_exit
 .text.secure_fault.constprop.0
                0x0000000000001f10       0x74 zephyr/arch/arch/arm/core/cortex_m/libarch__arm__core__cortex_m.a(fault.c.obj)
 .text.usage_fault.constprop.0
                0x0000000000001f84       0x5c zephyr/arch/arch/arm/core/cortex_m/libarch__arm__core__cortex_m.a(fault.c.obj)
 .text.bus_fault.constprop.0
                0x0000000000001fe0       0x6c zephyr/arch/arch/arm/core/cortex_m/libarch__arm__core__cortex_m.a(fault.c.obj)
 .text.mem_manage_fault.constprop.0
                0x000000000000204c       0x78 zephyr/arch/arch/arm/core/cortex_m/libarch__arm__core__cortex_m.a(fault.c.obj)
 .text.z_arm_fault
                0x00000000000020c4      0x154 zephyr/arch/arch/arm/core/cortex_m/libarch__arm__core__cortex_m.a(fault.c.obj)
                0x00000000000020c4                z_arm_fault
 .text.z_arm_fault_init
                0x0000000000002218       0x20 zephyr/arch/arch/arm/core/cortex_m/libarch__arm__core__cortex_m.a(fault.c.obj)
                0x0000000000002218                z_arm_fault_init
 .text.__fault  0x0000000000002238       0x14 zephyr/arch/arch/arm/core/cortex_m/libarch__arm__core__cortex_m.a(fault_s.S.obj)
                0x0000000000002238                z_arm_secure_fault
                0x0000000000002238                z_arm_bus_fault
                0x0000000000002238                z_arm_usage_fault
                0x0000000000002238                z_arm_mpu_fault
                0x0000000000002238                z_arm_exc_spurious
                0x0000000000002238                z_arm_debug_monitor
                0x0000000000002238                z_arm_hard_fault
 .text._reset_section
                0x000000000000224c       0x2c zephyr/arch/arch/arm/core/cortex_m/libarch__arm__core__cortex_m.a(reset.S.obj)
                0x000000000000224c                z_arm_reset
                0x000000000000224c                __start
 .text.z_impl_k_thread_abort
                0x0000000000002278       0x2c zephyr/arch/arch/arm/core/cortex_m/libarch__arm__core__cortex_m.a(thread_abort.c.obj)
                0x0000000000002278                z_impl_k_thread_abort
 .text.z_arm_pendsv
                0x00000000000022a4       0x60 zephyr/arch/arch/arm/core/cortex_m/libarch__arm__core__cortex_m.a(swap_helper.S.obj)
                0x00000000000022a4                z_arm_pendsv
 .text.z_arm_svc
                0x0000000000002304       0x24 zephyr/arch/arch/arm/core/cortex_m/libarch__arm__core__cortex_m.a(swap_helper.S.obj)
                0x0000000000002304                z_arm_svc
 .text.arch_irq_enable
                0x0000000000002328       0x1c zephyr/arch/arch/arm/core/cortex_m/libarch__arm__core__cortex_m.a(irq_manage.c.obj)
                0x0000000000002328                arch_irq_enable
 .text.z_arm_irq_priority_set
                0x0000000000002344       0x2c zephyr/arch/arch/arm/core/cortex_m/libarch__arm__core__cortex_m.a(irq_manage.c.obj)
                0x0000000000002344                z_arm_irq_priority_set
 .text.z_prep_c
                0x0000000000002370       0x4c zephyr/arch/arch/arm/core/cortex_m/libarch__arm__core__cortex_m.a(prep_c.c.obj)
                0x0000000000002370                z_prep_c
 .text.arch_new_thread
                0x00000000000023bc       0x38 zephyr/arch/arch/arm/core/cortex_m/libarch__arm__core__cortex_m.a(thread.c.obj)
                0x00000000000023bc                arch_new_thread
 .text.arch_switch_to_main_thread
                0x00000000000023f4       0x40 zephyr/arch/arch/arm/core/cortex_m/libarch__arm__core__cortex_m.a(thread.c.obj)
                0x00000000000023f4                arch_switch_to_main_thread
 .text.z_arm_cpu_idle_init
                0x0000000000002434        0xc zephyr/arch/arch/arm/core/cortex_m/libarch__arm__core__cortex_m.a(cpu_idle.c.obj)
                0x0000000000002434                z_arm_cpu_idle_init
 .text.z_arm_interrupt_init
                0x0000000000002440       0x18 zephyr/arch/arch/arm/core/cortex_m/libarch__arm__core__cortex_m.a(irq_init.c.obj)
                0x0000000000002440                z_arm_interrupt_init
 .text._isr_wrapper
                0x0000000000002458       0x24 zephyr/arch/arch/arm/core/cortex_m/libarch__arm__core__cortex_m.a(isr_wrapper.c.obj)
                0x0000000000002458                _isr_wrapper
 .text.z_arm_configure_static_mpu_regions
                0x000000000000247c       0x38 zephyr/arch/arch/arm/core/mpu/libarch__arm__core__mpu.a(arm_core_mpu.c.obj)
                0x000000000000247c                z_arm_configure_static_mpu_regions
 .text.region_init
                0x00000000000024b4       0x34 zephyr/arch/arch/arm/core/mpu/libarch__arm__core__mpu.a(arm_mpu.c.obj)
 .text.region_allocate_and_init
                0x00000000000024e8       0x24 zephyr/arch/arch/arm/core/mpu/libarch__arm__core__mpu.a(arm_mpu.c.obj)
 .text.mpu_configure_regions_and_partition.constprop.0
                0x000000000000250c      0x148 zephyr/arch/arch/arm/core/mpu/libarch__arm__core__mpu.a(arm_mpu.c.obj)
 .text.arm_core_mpu_enable
                0x0000000000002654       0x18 zephyr/arch/arch/arm/core/mpu/libarch__arm__core__mpu.a(arm_mpu.c.obj)
                0x0000000000002654                arm_core_mpu_enable
 .text.arm_core_mpu_disable
                0x000000000000266c       0x14 zephyr/arch/arch/arm/core/mpu/libarch__arm__core__mpu.a(arm_mpu.c.obj)
                0x000000000000266c                arm_core_mpu_disable
 .text.arm_core_mpu_configure_static_mpu_regions
                0x0000000000002680       0x14 zephyr/arch/arch/arm/core/mpu/libarch__arm__core__mpu.a(arm_mpu.c.obj)
                0x0000000000002680                arm_core_mpu_configure_static_mpu_regions
 .text.arm_core_mpu_mark_areas_for_dynamic_regions
                0x0000000000002694       0xb8 zephyr/arch/arch/arm/core/mpu/libarch__arm__core__mpu.a(arm_mpu.c.obj)
                0x0000000000002694                arm_core_mpu_mark_areas_for_dynamic_regions
 .text.z_arm_mpu_init
                0x000000000000274c      0x11c zephyr/arch/arch/arm/core/mpu/libarch__arm__core__mpu.a(arm_mpu.c.obj)
                0x000000000000274c                z_arm_mpu_init
 .text.z_impl_zephyr_fputc
                0x0000000000002868       0x10 zephyr/lib/libc/picolibc/liblib__libc__picolibc.a(stdio.c.obj)
                0x0000000000002868                z_impl_zephyr_fputc
 .text.__stdout_hook_install
                0x0000000000002878       0x18 zephyr/lib/libc/picolibc/liblib__libc__picolibc.a(stdio.c.obj)
                0x0000000000002878                __stdout_hook_install
 .text.malloc_prepare
                0x0000000000002890       0x24 zephyr/lib/libc/common/liblib__libc__common.a(malloc.c.obj)
 .text.uart_console_init
                0x00000000000028b4       0x28 zephyr/drivers/console/libdrivers__console.a(uart_console.c.obj)
 .text.console_out
                0x00000000000028dc       0x28 zephyr/drivers/console/libdrivers__console.a(uart_console.c.obj)
 .text.gpio_gecko_pin_interrupt_configure
                0x0000000000002904       0x7c zephyr/drivers/gpio/libdrivers__gpio.a(gpio_gecko.c.obj)
 .text.gpio_gecko_common_init
                0x0000000000002980       0x38 zephyr/drivers/gpio/libdrivers__gpio.a(gpio_gecko.c.obj)
 .text.gpio_gecko_port0_init
                0x00000000000029b8       0x14 zephyr/drivers/gpio/libdrivers__gpio.a(gpio_gecko.c.obj)
 .text.gpio_gecko_common_isr
                0x00000000000029cc       0x68 zephyr/drivers/gpio/libdrivers__gpio.a(gpio_gecko.c.obj)
 .text.gpio_gecko_port1_init
                0x0000000000002a34       0x14 zephyr/drivers/gpio/libdrivers__gpio.a(gpio_gecko.c.obj)
 .text.gpio_gecko_port2_init
                0x0000000000002a48       0x14 zephyr/drivers/gpio/libdrivers__gpio.a(gpio_gecko.c.obj)
 .text.pinctrl_configure_pins
                0x0000000000002a5c       0x90 zephyr/drivers/pinctrl/libdrivers__pinctrl.a(pinctrl_silabs_dbus.c.obj)
                0x0000000000002a5c                pinctrl_configure_pins
 .text.uart_silabs_configure
                0x0000000000002aec       0xc4 zephyr/drivers/serial/libdrivers__serial.a(uart_silabs_usart.c.obj)
 .text.uart_silabs_init
                0x0000000000002bb0       0xd0 zephyr/drivers/serial/libdrivers__serial.a(uart_silabs_usart.c.obj)
 .text.sleeptimer_init
                0x0000000000002c80       0x78 zephyr/drivers/timer/libdrivers__timer.a(silabs_sleeptimer_timer.c.obj)
 .text.sys_clock_set_timeout
                0x0000000000002cf8       0x74 zephyr/drivers/timer/libdrivers__timer.a(silabs_sleeptimer_timer.c.obj)
                0x0000000000002cf8                sys_clock_set_timeout
 .text.sys_clock_elapsed
                0x0000000000002d6c       0x24 zephyr/drivers/timer/libdrivers__timer.a(silabs_sleeptimer_timer.c.obj)
                0x0000000000002d6c                sys_clock_elapsed
 .text.z_impl_device_get_binding
                0x0000000000002d90       0x48 zephyr/kernel/libkernel.a(device.c.obj)
                0x0000000000002d90                z_impl_device_get_binding
 .text.z_fatal_error
                0x0000000000002dd8       0x30 zephyr/kernel/libkernel.a(fatal.c.obj)
                0x0000000000002dd8                z_fatal_error
 .text.z_sys_init_run_level
                0x0000000000002e08       0x2c zephyr/kernel/libkernel.a(init.c.obj)
 .text.bg_thread_main
                0x0000000000002e34       0xe8 zephyr/kernel/libkernel.a(init.c.obj)
 .text.z_bss_zero
                0x0000000000002f1c       0x18 zephyr/kernel/libkernel.a(init.c.obj)
                0x0000000000002f1c                z_bss_zero
 .text.z_init_cpu
                0x0000000000002f34       0x68 zephyr/kernel/libkernel.a(init.c.obj)
                0x0000000000002f34                z_init_cpu
 .text.z_cstart
                0x0000000000002f9c       0xec zephyr/kernel/libkernel.a(init.c.obj)
                0x0000000000002f9c                z_cstart
 .text.z_setup_new_thread
                0x0000000000003088       0x7c zephyr/kernel/libkernel.a(thread.c.obj)
                0x0000000000003088                z_setup_new_thread
 .text.z_dummy_thread_init
                0x0000000000003104       0x18 zephyr/kernel/libkernel.a(thread.c.obj)
                0x0000000000003104                z_dummy_thread_init
 .text.z_swap_irqlock
                0x000000000000311c       0x30 zephyr/kernel/libkernel.a(sched.c.obj)
 .text.ready_thread
                0x000000000000314c       0x84 zephyr/kernel/libkernel.a(sched.c.obj)
 .text.unready_thread
                0x00000000000031d0       0x54 zephyr/kernel/libkernel.a(sched.c.obj)
 .text.move_thread_to_end_of_prio_q
                0x0000000000003224       0x90 zephyr/kernel/libkernel.a(sched.c.obj)
                0x0000000000003224                move_thread_to_end_of_prio_q
 .text.z_reschedule
                0x00000000000032b4       0x24 zephyr/kernel/libkernel.a(sched.c.obj)
                0x00000000000032b4                z_reschedule
 .text.z_reschedule_irqlock
                0x00000000000032d8       0x28 zephyr/kernel/libkernel.a(sched.c.obj)
                0x00000000000032d8                z_reschedule_irqlock
 .text.k_sched_lock
                0x0000000000003300       0x28 zephyr/kernel/libkernel.a(sched.c.obj)
                0x0000000000003300                k_sched_lock
 .text.k_sched_unlock
                0x0000000000003328       0x68 zephyr/kernel/libkernel.a(sched.c.obj)
                0x0000000000003328                k_sched_unlock
 .text.z_sched_init
                0x0000000000003390       0x10 zephyr/kernel/libkernel.a(sched.c.obj)
                0x0000000000003390                z_sched_init
 .text.z_impl_k_yield
                0x00000000000033a0       0x88 zephyr/kernel/libkernel.a(sched.c.obj)
                0x00000000000033a0                z_impl_k_yield
 .text.z_tick_sleep
                0x0000000000003428       0x80 zephyr/kernel/libkernel.a(sched.c.obj)
 .text.z_impl_k_wakeup
                0x00000000000034a8       0x48 zephyr/kernel/libkernel.a(sched.c.obj)
                0x00000000000034a8                z_impl_k_wakeup
 .text.z_impl_k_sched_current_thread_query
                0x00000000000034f0        0xc zephyr/kernel/libkernel.a(sched.c.obj)
                0x00000000000034f0                z_impl_k_sched_current_thread_query
 .text.z_thread_abort
                0x00000000000034fc      0x120 zephyr/kernel/libkernel.a(sched.c.obj)
                0x00000000000034fc                z_thread_abort
 .text.slice_timeout
                0x000000000000361c       0x20 zephyr/kernel/libkernel.a(timeslicing.c.obj)
 .text.thread_is_sliceable
                0x000000000000363c       0x3c zephyr/kernel/libkernel.a(timeslicing.c.obj)
                0x000000000000363c                thread_is_sliceable
 .text.z_reset_time_slice
                0x0000000000003678       0x50 zephyr/kernel/libkernel.a(timeslicing.c.obj)
                0x0000000000003678                z_reset_time_slice
 .text.z_time_slice
                0x00000000000036c8       0x60 zephyr/kernel/libkernel.a(timeslicing.c.obj)
                0x00000000000036c8                z_time_slice
 .text.z_data_copy
                0x0000000000003728       0x38 zephyr/kernel/libkernel.a(xip.c.obj)
                0x0000000000003728                z_data_copy
 .text.first    0x0000000000003760       0x10 zephyr/kernel/libkernel.a(timeout.c.obj)
 .text.elapsed  0x0000000000003770       0x14 zephyr/kernel/libkernel.a(timeout.c.obj)
 .text.remove_timeout
                0x0000000000003784       0x38 zephyr/kernel/libkernel.a(timeout.c.obj)
 .text.z_add_timeout
                0x00000000000037bc       0xec zephyr/kernel/libkernel.a(timeout.c.obj)
                0x00000000000037bc                z_add_timeout
 .text.sys_clock_announce
                0x00000000000038a8       0xbc zephyr/kernel/libkernel.a(timeout.c.obj)
                0x00000000000038a8                sys_clock_announce
 .text.sys_clock_tick_get
                0x0000000000003964       0x30 zephyr/kernel/libkernel.a(timeout.c.obj)
                0x0000000000003964                sys_clock_tick_get
 .text.boot_banner
                0x0000000000003994        0xc zephyr/kernel/libkernel.a(banner.c.obj)
                0x0000000000003994                boot_banner
 .text.snprintf
                0x00000000000039a0       0x58 /home/edge/zephyr-sdk-0.17.0/arm-zephyr-eabi/bin/../lib/gcc/../../picolibc/arm-zephyr-eabi/lib/thumb/v8-m.main/nofp/libc.a(libc_tinystdio_snprintf.c.o)
                0x00000000000039a0                snprintf
 .text.__l_vfprintf
                0x00000000000039f8      0x4b4 /home/edge/zephyr-sdk-0.17.0/arm-zephyr-eabi/bin/../lib/gcc/../../picolibc/arm-zephyr-eabi/lib/thumb/v8-m.main/nofp/libc.a(libc_tinystdio_vflprintf.c.o)
                0x00000000000039f8                __l_vfprintf
 .text._OffsetAbsSyms
                0x0000000000003eac        0x2 zephyr/CMakeFiles/offsets.dir/./arch/arm/core/offsets/offsets.c.obj
                0x0000000000003eac                _OffsetAbsSyms
 .text.chunk_size
                0x0000000000003eae        0xa zephyr/libzephyr.a(heap.c.obj)
 .text.free_list_add
                0x0000000000003eb8       0x4e zephyr/libzephyr.a(heap.c.obj)
 .text.sys_heap_init
                0x0000000000003f06       0x7a zephyr/libzephyr.a(heap.c.obj)
                0x0000000000003f06                sys_heap_init
 .text.arch_printk_char_out
                0x0000000000003f80        0x4 zephyr/libzephyr.a(printk.c.obj)
                0x0000000000003f80                arch_printk_char_out
 .text.printk   0x0000000000003f84       0x1a zephyr/libzephyr.a(printk.c.obj)
                0x0000000000003f84                printk
 .text._ConfigAbsSyms
                0x0000000000003f9e        0x2 zephyr/libzephyr.a(configs.c.obj)
                0x0000000000003f9e                _ConfigAbsSyms
 .text.sl_clock_manager_runtime_init
                0x0000000000003fa0        0x4 zephyr/libzephyr.a(sl_clock_manager.c.obj)
                0x0000000000003fa0                sl_clock_manager_runtime_init
 .text.sl_clock_manager_enable_bus_clock
                0x0000000000003fa4        0x6 zephyr/libzephyr.a(sl_clock_manager.c.obj)
                0x0000000000003fa4                sl_clock_manager_enable_bus_clock
 .text.sl_clock_manager_disable_bus_clock
                0x0000000000003faa        0x6 zephyr/libzephyr.a(sl_clock_manager.c.obj)
                0x0000000000003faa                sl_clock_manager_disable_bus_clock
 .text.sli_clock_manager_hal_runtime_init
                0x0000000000003fb0        0x4 zephyr/libzephyr.a(sl_clock_manager_hal_s2.c.obj)
                0x0000000000003fb0                sli_clock_manager_hal_runtime_init
 .text.sl_clock_manager_init
                0x0000000000003fb4        0x4 zephyr/libzephyr.a(sl_clock_manager_init.c.obj)
                0x0000000000003fb4                sl_clock_manager_init
 .text.waitStateMax
                0x0000000000003fb8       0x10 zephyr/libzephyr.a(em_cmu.c.obj)
 .text.CMU_UpdateWaitStates
                0x0000000000003fc8        0xc zephyr/libzephyr.a(em_cmu.c.obj)
                0x0000000000003fc8                CMU_UpdateWaitStates
 .text.pclkDivMax
                0x0000000000003fd4        0xa zephyr/libzephyr.a(em_cmu.c.obj)
 .text.EMU_EFPEM01VScale
                0x0000000000003fde        0x2 zephyr/libzephyr.a(em_emu.c.obj)
                0x0000000000003fde                EMU_EFPEM01VScale
 .text.EMU_DCDCUpdatedHook
                0x0000000000003fe0        0x2 zephyr/libzephyr.a(em_emu.c.obj)
                0x0000000000003fe0                EMU_DCDCUpdatedHook
 .text.BUS_RegMaskedWrite
                0x0000000000003fe2       0x1e zephyr/libzephyr.a(em_gpio.c.obj)
 .text.RTCC_SyncWait
                0x0000000000004000       0x10 zephyr/libzephyr.a(em_rtcc.c.obj)
 .text.USART_Enable
                0x0000000000004010       0x1e zephyr/libzephyr.a(em_usart.c.obj)
                0x0000000000004010                USART_Enable
 .text.USART_Rx
                0x000000000000402e        0xc zephyr/libzephyr.a(em_usart.c.obj)
                0x000000000000402e                USART_Rx
 .text.USART_Tx
                0x000000000000403a        0xa zephyr/libzephyr.a(em_usart.c.obj)
                0x000000000000403a                USART_Tx
 .text.sl_interrupt_manager_enable_irq
                0x0000000000004044        0x4 zephyr/libzephyr.a(sl_interrupt_manager_shim.c.obj)
                0x0000000000004044                sl_interrupt_manager_enable_irq
 .text.z_arm_fatal_error
                0x0000000000004048        0xc zephyr/arch/arch/arm/core/libarch__arm__core.a(fatal.c.obj)
                0x0000000000004048                z_arm_fatal_error
 .text.z_do_kernel_oops
                0x0000000000004054        0x8 zephyr/arch/arch/arm/core/libarch__arm__core.a(fatal.c.obj)
                0x0000000000004054                z_do_kernel_oops
 .text.z_arm_nmi
                0x000000000000405c        0xe zephyr/arch/arch/arm/core/libarch__arm__core.a(nmi.c.obj)
                0x000000000000405c                z_arm_nmi
 .text.z_irq_spurious
                0x000000000000406a        0x8 zephyr/arch/arch/arm/core/cortex_m/libarch__arm__core__cortex_m.a(irq_manage.c.obj)
                0x000000000000406a                z_irq_spurious
 .text.configure_builtin_stack_guard
                0x0000000000004072        0x8 zephyr/arch/arch/arm/core/cortex_m/libarch__arm__core__cortex_m.a(thread.c.obj)
                0x0000000000004072                configure_builtin_stack_guard
 .text.arch_irq_unlock_outlined
                0x000000000000407a        0xe zephyr/arch/arch/arm/core/cortex_m/libarch__arm__core__cortex_m.a(thread.c.obj)
                0x000000000000407a                arch_irq_unlock_outlined
 .text.arch_cpu_idle
                0x0000000000004088       0x1a zephyr/arch/arch/arm/core/cortex_m/libarch__arm__core__cortex_m.a(cpu_idle.c.obj)
                0x0000000000004088                arch_cpu_idle
 .text.arm_cmse_mpu_region_get
                0x00000000000040a2       0x12 zephyr/arch/arch/arm/core/cortex_m/cmse/libarch__arm__core__cortex_m__cmse.a(arm_core_cmse.c.obj)
                0x00000000000040a2                arm_cmse_mpu_region_get
 .text.mpu_configure_region
                0x00000000000040b4       0x32 zephyr/arch/arch/arm/core/mpu/libarch__arm__core__mpu.a(arm_mpu.c.obj)
 .text.picolibc_put
                0x00000000000040e6        0xa zephyr/lib/libc/picolibc/liblib__libc__picolibc.a(stdio.c.obj)
 .text.silabs_clock_control_get_rate
                0x00000000000040f0       0x18 zephyr/drivers/clock_control/libdrivers__clock_control.a(clock_control_silabs_series.c.obj)
 .text.silabs_clock_control_get_status
                0x0000000000004108       0x36 zephyr/drivers/clock_control/libdrivers__clock_control.a(clock_control_silabs_series.c.obj)
 .text.silabs_clock_control_off
                0x000000000000413e       0x14 zephyr/drivers/clock_control/libdrivers__clock_control.a(clock_control_silabs_series.c.obj)
 .text.silabs_clock_control_on
                0x0000000000004152       0x24 zephyr/drivers/clock_control/libdrivers__clock_control.a(clock_control_silabs_series.c.obj)
 .text.silabs_clock_control_init
                0x0000000000004176        0xa zephyr/drivers/clock_control/libdrivers__clock_control.a(clock_control_silabs_series.c.obj)
 .text.gpio_gecko_port_get_raw
                0x0000000000004180       0x18 zephyr/drivers/gpio/libdrivers__gpio.a(gpio_gecko.c.obj)
 .text.gpio_gecko_port_set_masked_raw
                0x0000000000004198       0x1e zephyr/drivers/gpio/libdrivers__gpio.a(gpio_gecko.c.obj)
 .text.gpio_gecko_port_set_bits_raw
                0x00000000000041b6       0x1a zephyr/drivers/gpio/libdrivers__gpio.a(gpio_gecko.c.obj)
 .text.gpio_gecko_port_clear_bits_raw
                0x00000000000041d0       0x1a zephyr/drivers/gpio/libdrivers__gpio.a(gpio_gecko.c.obj)
 .text.gpio_gecko_port_toggle_bits
                0x00000000000041ea       0x1a zephyr/drivers/gpio/libdrivers__gpio.a(gpio_gecko.c.obj)
 .text.gpio_gecko_manage_callback
                0x0000000000004204       0x52 zephyr/drivers/gpio/libdrivers__gpio.a(gpio_gecko.c.obj)
 .text.gpio_gecko_configure
                0x0000000000004256       0x70 zephyr/drivers/gpio/libdrivers__gpio.a(gpio_gecko.c.obj)
 .text.pinctrl_lookup_state
                0x00000000000042c6       0x26 zephyr/drivers/pinctrl/libdrivers__pinctrl.a(common.c.obj)
                0x00000000000042c6                pinctrl_lookup_state
 .text.uart_silabs_err_check
                0x00000000000042ec       0x26 zephyr/drivers/serial/libdrivers__serial.a(uart_silabs_usart.c.obj)
 .text.uart_silabs_fifo_fill
                0x0000000000004312       0x1c zephyr/drivers/serial/libdrivers__serial.a(uart_silabs_usart.c.obj)
 .text.uart_silabs_fifo_read
                0x000000000000432e       0x1c zephyr/drivers/serial/libdrivers__serial.a(uart_silabs_usart.c.obj)
 .text.uart_silabs_irq_tx_enable
                0x000000000000434a        0xe zephyr/drivers/serial/libdrivers__serial.a(uart_silabs_usart.c.obj)
 .text.uart_silabs_irq_tx_disable
                0x0000000000004358        0xe zephyr/drivers/serial/libdrivers__serial.a(uart_silabs_usart.c.obj)
 .text.uart_silabs_irq_tx_complete
                0x0000000000004366       0x12 zephyr/drivers/serial/libdrivers__serial.a(uart_silabs_usart.c.obj)
 .text.uart_silabs_irq_tx_ready
                0x0000000000004378       0x10 zephyr/drivers/serial/libdrivers__serial.a(uart_silabs_usart.c.obj)
 .text.uart_silabs_irq_rx_enable
                0x0000000000004388        0xe zephyr/drivers/serial/libdrivers__serial.a(uart_silabs_usart.c.obj)
 .text.uart_silabs_irq_rx_disable
                0x0000000000004396        0xe zephyr/drivers/serial/libdrivers__serial.a(uart_silabs_usart.c.obj)
 .text.uart_silabs_irq_err_enable
                0x00000000000043a4        0xe zephyr/drivers/serial/libdrivers__serial.a(uart_silabs_usart.c.obj)
 .text.uart_silabs_irq_err_disable
                0x00000000000043b2        0xe zephyr/drivers/serial/libdrivers__serial.a(uart_silabs_usart.c.obj)
 .text.uart_silabs_irq_update
                0x00000000000043c0        0x4 zephyr/drivers/serial/libdrivers__serial.a(uart_silabs_usart.c.obj)
 .text.uart_silabs_irq_callback_set
                0x00000000000043c4        0x8 zephyr/drivers/serial/libdrivers__serial.a(uart_silabs_usart.c.obj)
 .text.uart_silabs_isr
                0x00000000000043cc        0xc zephyr/drivers/serial/libdrivers__serial.a(uart_silabs_usart.c.obj)
 .text.uart_silabs_config_get
                0x00000000000043d8       0x1c zephyr/drivers/serial/libdrivers__serial.a(uart_silabs_usart.c.obj)
 .text.uart_silabs_poll_out
                0x00000000000043f4        0x8 zephyr/drivers/serial/libdrivers__serial.a(uart_silabs_usart.c.obj)
 .text.uart_silabs_poll_in
                0x00000000000043fc       0x1e zephyr/drivers/serial/libdrivers__serial.a(uart_silabs_usart.c.obj)
 .text.usart_silabs_config_func_0
                0x000000000000441a       0x26 zephyr/drivers/serial/libdrivers__serial.a(uart_silabs_usart.c.obj)
 .text.uart_silabs_irq_rx_ready
                0x0000000000004440       0x14 zephyr/drivers/serial/libdrivers__serial.a(uart_silabs_usart.c.obj)
 .text.uart_silabs_irq_is_pending
                0x0000000000004454       0x1c zephyr/drivers/serial/libdrivers__serial.a(uart_silabs_usart.c.obj)
 .text.sleeptimer_cb
                0x0000000000004470       0x30 zephyr/drivers/timer/libdrivers__timer.a(silabs_sleeptimer_timer.c.obj)
 .text.z_device_state_init
                0x00000000000044a0        0x2 zephyr/kernel/libkernel.a(device.c.obj)
                0x00000000000044a0                z_device_state_init
 .text.z_impl_device_is_ready
                0x00000000000044a2       0x16 zephyr/kernel/libkernel.a(device.c.obj)
                0x00000000000044a2                z_impl_device_is_ready
 .text.arch_system_halt
                0x00000000000044b8       0x10 zephyr/kernel/libkernel.a(fatal.c.obj)
                0x00000000000044b8                arch_system_halt
 .text.k_sys_fatal_error_handler
                0x00000000000044c8        0x6 zephyr/kernel/libkernel.a(fatal.c.obj)
                0x00000000000044c8                k_sys_fatal_error_handler
 .text.do_device_init
                0x00000000000044ce       0x30 zephyr/kernel/libkernel.a(init.c.obj)
 .text.z_early_memset
                0x00000000000044fe        0x4 zephyr/kernel/libkernel.a(init.c.obj)
                0x00000000000044fe                z_early_memset
 .text.z_early_memcpy
                0x0000000000004502        0x4 zephyr/kernel/libkernel.a(init.c.obj)
                0x0000000000004502                z_early_memcpy
 .text.z_init_static
                0x0000000000004506        0x2 zephyr/kernel/libkernel.a(init_static.c.obj)
                0x0000000000004506                z_init_static
 .text.idle     0x0000000000004508       0x16 zephyr/kernel/libkernel.a(idle.c.obj)
                0x0000000000004508                idle
 .text.sys_dlist_remove
                0x000000000000451e       0x10 zephyr/kernel/libkernel.a(sched.c.obj)
 .text.unpend_thread_no_timeout
                0x000000000000452e       0x14 zephyr/kernel/libkernel.a(sched.c.obj)
 .text.z_ready_thread
                0x0000000000004542       0x1e zephyr/kernel/libkernel.a(sched.c.obj)
                0x0000000000004542                z_ready_thread
 .text.z_sched_wake_thread
                0x0000000000004560       0x3a zephyr/kernel/libkernel.a(sched.c.obj)
                0x0000000000004560                z_sched_wake_thread
 .text.z_thread_timeout
                0x000000000000459a        0x8 zephyr/kernel/libkernel.a(sched.c.obj)
                0x000000000000459a                z_thread_timeout
 .text.z_impl_k_sleep
                0x00000000000045a2       0x32 zephyr/kernel/libkernel.a(sched.c.obj)
                0x00000000000045a2                z_impl_k_sleep
 .text.next_timeout
                0x00000000000045d4       0x32 zephyr/kernel/libkernel.a(timeout.c.obj)
 .text.z_abort_timeout
                0x0000000000004606       0x42 zephyr/kernel/libkernel.a(timeout.c.obj)
                0x0000000000004606                z_abort_timeout
 .text.sys_clock_tick_get_32
                0x0000000000004648        0x8 zephyr/kernel/libkernel.a(timeout.c.obj)
                0x0000000000004648                sys_clock_tick_get_32
 .text.memcpy   0x0000000000004650       0x1a /home/edge/zephyr-sdk-0.17.0/arm-zephyr-eabi/bin/../lib/gcc/../../picolibc/arm-zephyr-eabi/lib/thumb/v8-m.main/nofp/libc.a(memcpy.c.o)
                0x0000000000004650                memcpy
                0x0000000000004650                __aeabi_memcpy
                0x0000000000004650                __aeabi_memcpy4
                0x0000000000004650                __aeabi_memcpy8
 .text.memset   0x000000000000466a       0x10 /home/edge/zephyr-sdk-0.17.0/arm-zephyr-eabi/bin/../lib/gcc/../../picolibc/arm-zephyr-eabi/lib/thumb/v8-m.main/nofp/libc.a(memset.c.o)
                0x000000000000466a                memset
 .text.strnlen  0x000000000000467a       0x18 /home/edge/zephyr-sdk-0.17.0/arm-zephyr-eabi/bin/../lib/gcc/../../picolibc/arm-zephyr-eabi/lib/thumb/v8-m.main/nofp/libc.a(libc_string_strnlen.c.o)
                0x000000000000467a                strnlen
 .text.__ultoa_invert
                0x0000000000004692       0xac /home/edge/zephyr-sdk-0.17.0/arm-zephyr-eabi/bin/../lib/gcc/../../picolibc/arm-zephyr-eabi/lib/thumb/v8-m.main/nofp/libc.a(libc_tinystdio_vflprintf.c.o)
 .text.__file_str_put
                0x000000000000473e       0x10 /home/edge/zephyr-sdk-0.17.0/arm-zephyr-eabi/bin/../lib/gcc/../../picolibc/arm-zephyr-eabi/lib/thumb/v8-m.main/nofp/libc.a(libc_tinystdio_filestrput.c.o)
                0x000000000000473e                __file_str_put
 *(SORT_BY_ALIGNMENT(.TEXT.*))
 *fill*         0x000000000000474e        0x2 
 .TEXT.__aeabi_read_tp
                0x0000000000004750        0xc zephyr/arch/arch/arm/core/cortex_m/libarch__arm__core__cortex_m.a(__aeabi_read_tp.S.obj)
                0x0000000000004750                __aeabi_read_tp
 *(SORT_BY_ALIGNMENT(.gnu.linkonce.t.*))
 *(SORT_BY_ALIGNMENT(.glue_7t))
 .glue_7t       0x000000000000475c        0x0 linker stubs
 *(SORT_BY_ALIGNMENT(.glue_7))
 .glue_7        0x000000000000475c        0x0 linker stubs
 *(SORT_BY_ALIGNMENT(.vfp11_veneer))
 .vfp11_veneer  0x000000000000475c        0x0 linker stubs
 *(SORT_BY_ALIGNMENT(.v4_bx))
 .v4_bx         0x000000000000475c        0x0 linker stubs
                0x000000000000475c                . = ALIGN (0x4)
                0x000000000000475c                __text_region_end = .

.ARM.exidx      0x000000000000475c        0x8
                0x000000000000475c                __exidx_start = .
 *(SORT_BY_ALIGNMENT(.ARM.exidx*) SORT_BY_ALIGNMENT(gnu.linkonce.armexidx.*))
 .ARM.exidx     0x000000000000475c        0x8 /home/edge/zephyr-sdk-0.17.0/arm-zephyr-eabi/bin/../lib/gcc/../../picolibc/arm-zephyr-eabi/lib/thumb/v8-m.main/nofp/libc.a(strcmp.S.o)
 .ARM.exidx     0x0000000000004764        0x0 /home/edge/zephyr-sdk-0.17.0/arm-zephyr-eabi/bin/../lib/gcc/../../picolibc/arm-zephyr-eabi/lib/thumb/v8-m.main/nofp/libc.a(strlen.S.o)
                                          0x8 (size before relaxing)
 .ARM.exidx     0x0000000000004764        0x0 /home/edge/zephyr-sdk-0.17.0/arm-zephyr-eabi/bin/../lib/gcc/arm-zephyr-eabi/12.2.0/thumb/v8-m.main/nofp/libgcc.a(_udivmoddi4.o)
                                          0x8 (size before relaxing)
                0x0000000000004764                __exidx_end = .
                0x0000000000004764                __rodata_region_start = .

initlevel       0x0000000000004764       0x48
                0x0000000000004764                __init_start = .
                0x0000000000004764                __init_EARLY_start = .
 *(SORT_BY_NAME(SORT_BY_ALIGNMENT(.z_init_EARLY?_*)))
 *(SORT_BY_NAME(SORT_BY_ALIGNMENT(.z_init_EARLY??_*)))
                0x0000000000004764                __init_PRE_KERNEL_1_start = .
 *(SORT_BY_NAME(SORT_BY_ALIGNMENT(.z_init_PRE_KERNEL_1?_*)))
 *(SORT_BY_NAME(SORT_BY_ALIGNMENT(.z_init_PRE_KERNEL_1??_*)))
 .z_init_PRE_KERNEL_130_00005_
                0x0000000000004764        0x8 zephyr/drivers/clock_control/libdrivers__clock_control.a(clock_control_silabs_series.c.obj)
 .z_init_PRE_KERNEL_139_00006_
                0x000000000000476c        0x8 zephyr/drivers/gpio/libdrivers__gpio.a(gpio_gecko.c.obj)
 .z_init_PRE_KERNEL_150_00058_
                0x0000000000004774        0x8 zephyr/drivers/serial/libdrivers__serial.a(uart_silabs_usart.c.obj)
 .z_init_PRE_KERNEL_160_0_
                0x000000000000477c        0x8 zephyr/drivers/console/libdrivers__console.a(uart_console.c.obj)
                0x0000000000004784                __init_PRE_KERNEL_2_start = .
 *(SORT_BY_NAME(SORT_BY_ALIGNMENT(.z_init_PRE_KERNEL_2?_*)))
 .z_init_PRE_KERNEL_20_0_
                0x0000000000004784        0x8 zephyr/drivers/timer/libdrivers__timer.a(silabs_sleeptimer_timer.c.obj)
 *(SORT_BY_NAME(SORT_BY_ALIGNMENT(.z_init_PRE_KERNEL_2??_*)))
                0x000000000000478c                __init_POST_KERNEL_start = .
 *(SORT_BY_NAME(SORT_BY_ALIGNMENT(.z_init_POST_KERNEL?_*)))
 *(SORT_BY_NAME(SORT_BY_ALIGNMENT(.z_init_POST_KERNEL??_*)))
 .z_init_POST_KERNEL35_0_
                0x000000000000478c        0x8 zephyr/lib/libc/common/liblib__libc__common.a(malloc.c.obj)
 .z_init_POST_KERNEL40_00007_
                0x0000000000004794        0x8 zephyr/drivers/gpio/libdrivers__gpio.a(gpio_gecko.c.obj)
 .z_init_POST_KERNEL40_00009_
                0x000000000000479c        0x8 zephyr/drivers/gpio/libdrivers__gpio.a(gpio_gecko.c.obj)
 .z_init_POST_KERNEL40_00012_
                0x00000000000047a4        0x8 zephyr/drivers/gpio/libdrivers__gpio.a(gpio_gecko.c.obj)
                0x00000000000047ac                __init_APPLICATION_start = .
 *(SORT_BY_NAME(SORT_BY_ALIGNMENT(.z_init_APPLICATION?_*)))
 *(SORT_BY_NAME(SORT_BY_ALIGNMENT(.z_init_APPLICATION??_*)))
                0x00000000000047ac                __init_SMP_start = .
 *(SORT_BY_NAME(SORT_BY_ALIGNMENT(.z_init_SMP?_*)))
 *(SORT_BY_NAME(SORT_BY_ALIGNMENT(.z_init_SMP??_*)))
                0x00000000000047ac                __init_end = .
                0x00000000000047ac                __deferred_init_list_start = .
 *(SORT_BY_ALIGNMENT(.z_deferred_init*))
                0x00000000000047ac                __deferred_init_list_end = .

device_area     0x00000000000047ac       0x78
                0x00000000000047ac                _device_list_start = .
 *(SORT_BY_NAME(SORT_BY_ALIGNMENT(._device.static.*_?_*)))
 *(SORT_BY_NAME(SORT_BY_ALIGNMENT(._device.static.*_??_*)))
 ._device.static.1_30_
                0x00000000000047ac       0x14 zephyr/drivers/clock_control/libdrivers__clock_control.a(clock_control_silabs_series.c.obj)
                0x00000000000047ac                __device_dts_ord_5
 ._device.static.1_39_
                0x00000000000047c0       0x14 zephyr/drivers/gpio/libdrivers__gpio.a(gpio_gecko.c.obj)
                0x00000000000047c0                __device_dts_ord_6
 ._device.static.1_50_
                0x00000000000047d4       0x14 zephyr/drivers/serial/libdrivers__serial.a(uart_silabs_usart.c.obj)
                0x00000000000047d4                __device_dts_ord_58
 ._device.static.3_40_
                0x00000000000047e8       0x3c zephyr/drivers/gpio/libdrivers__gpio.a(gpio_gecko.c.obj)
                0x00000000000047e8                __device_dts_ord_9
                0x00000000000047fc                __device_dts_ord_12
                0x0000000000004810                __device_dts_ord_7
 *(SORT_BY_NAME(SORT_BY_ALIGNMENT(._device.static.*_???_*)))
 *(SORT_BY_NAME(SORT_BY_ALIGNMENT(._device.static.*_????_*)))
 *(SORT_BY_NAME(SORT_BY_ALIGNMENT(._device.static.*_?????_*)))
                0x0000000000004824                _device_list_end = .

sw_isr_table    0x0000000000004824      0x1e0
                0x0000000000004824                . = ALIGN (0x4)
 *(SORT_BY_ALIGNMENT(.gnu.linkonce.sw_isr_table*))
 .gnu.linkonce.sw_isr_table
                0x0000000000004824      0x1e0 zephyr/CMakeFiles/zephyr_final.dir/isr_tables.c.obj
                0x0000000000004824                _sw_isr_table

initlevel_error
                0x0000000000004764        0x0
 *(SORT_BY_NAME(SORT_BY_ALIGNMENT(.z_init_[_A-Z0-9]*)))
                0x0000000000000001                ASSERT ((SIZEOF (initlevel_error) == 0x0), Undefined initialization levels used.)

app_shmem_regions
                0x0000000000004a04        0x0
                0x0000000000004a04                __app_shmem_regions_start = .
 *(SORT_BY_NAME(SORT_BY_ALIGNMENT(.app_regions.*)))
                0x0000000000004a04                __app_shmem_regions_end = .

k_p4wq_initparam_area
                0x0000000000004a04        0x0
                0x0000000000004a04                _k_p4wq_initparam_list_start = .
 *(SORT_BY_NAME(SORT_BY_ALIGNMENT(._k_p4wq_initparam.static.*)))
                0x0000000000004a04                _k_p4wq_initparam_list_end = .

_static_thread_data_area
                0x0000000000004a04        0x0
                0x0000000000004a04                __static_thread_data_list_start = .
 *(SORT_BY_NAME(SORT_BY_ALIGNMENT(.__static_thread_data.static.*)))
                0x0000000000004a04                __static_thread_data_list_end = .

device_deps     0x0000000000004a04        0x0
                0x0000000000004a04                __device_deps_start = .
 *(SORT_BY_NAME(SORT_BY_ALIGNMENT(.__device_deps_pass2*)))
                0x0000000000004a04                __device_deps_end = .

gpio_driver_api_area
                0x0000000000004a04       0x48
                0x0000000000004a04                _gpio_driver_api_list_start = .
 *(SORT_BY_NAME(SORT_BY_ALIGNMENT(._gpio_driver_api.static.*)))
 ._gpio_driver_api.static.gpio_gecko_common_driver_api_
                0x0000000000004a04       0x24 zephyr/drivers/gpio/libdrivers__gpio.a(gpio_gecko.c.obj)
 ._gpio_driver_api.static.gpio_gecko_driver_api_
                0x0000000000004a28       0x24 zephyr/drivers/gpio/libdrivers__gpio.a(gpio_gecko.c.obj)
                0x0000000000004a4c                _gpio_driver_api_list_end = .

shared_irq_driver_api_area
                0x0000000000004a4c        0x0
                0x0000000000004a4c                _shared_irq_driver_api_list_start = .
 *(SORT_BY_NAME(SORT_BY_ALIGNMENT(._shared_irq_driver_api.static.*)))
                0x0000000000004a4c                _shared_irq_driver_api_list_end = .

crypto_driver_api_area
                0x0000000000004a4c        0x0
                0x0000000000004a4c                _crypto_driver_api_list_start = .
 *(SORT_BY_NAME(SORT_BY_ALIGNMENT(._crypto_driver_api.static.*)))
                0x0000000000004a4c                _crypto_driver_api_list_end = .

adc_driver_api_area
                0x0000000000004a4c        0x0
                0x0000000000004a4c                _adc_driver_api_list_start = .
 *(SORT_BY_NAME(SORT_BY_ALIGNMENT(._adc_driver_api.static.*)))
                0x0000000000004a4c                _adc_driver_api_list_end = .

auxdisplay_driver_api_area
                0x0000000000004a4c        0x0
                0x0000000000004a4c                _auxdisplay_driver_api_list_start = .
 *(SORT_BY_NAME(SORT_BY_ALIGNMENT(._auxdisplay_driver_api.static.*)))
                0x0000000000004a4c                _auxdisplay_driver_api_list_end = .

bbram_driver_api_area
                0x0000000000004a4c        0x0
                0x0000000000004a4c                _bbram_driver_api_list_start = .
 *(SORT_BY_NAME(SORT_BY_ALIGNMENT(._bbram_driver_api.static.*)))
                0x0000000000004a4c                _bbram_driver_api_list_end = .

bt_hci_driver_api_area
                0x0000000000004a4c        0x0
                0x0000000000004a4c                _bt_hci_driver_api_list_start = .
 *(SORT_BY_NAME(SORT_BY_ALIGNMENT(._bt_hci_driver_api.static.*)))
                0x0000000000004a4c                _bt_hci_driver_api_list_end = .

can_driver_api_area
                0x0000000000004a4c        0x0
                0x0000000000004a4c                _can_driver_api_list_start = .
 *(SORT_BY_NAME(SORT_BY_ALIGNMENT(._can_driver_api.static.*)))
                0x0000000000004a4c                _can_driver_api_list_end = .

cellular_driver_api_area
                0x0000000000004a4c        0x0
                0x0000000000004a4c                _cellular_driver_api_list_start = .
 *(SORT_BY_NAME(SORT_BY_ALIGNMENT(._cellular_driver_api.static.*)))
                0x0000000000004a4c                _cellular_driver_api_list_end = .

charger_driver_api_area
                0x0000000000004a4c        0x0
                0x0000000000004a4c                _charger_driver_api_list_start = .
 *(SORT_BY_NAME(SORT_BY_ALIGNMENT(._charger_driver_api.static.*)))
                0x0000000000004a4c                _charger_driver_api_list_end = .

clock_control_driver_api_area
                0x0000000000004a4c       0x1c
                0x0000000000004a4c                _clock_control_driver_api_list_start = .
 *(SORT_BY_NAME(SORT_BY_ALIGNMENT(._clock_control_driver_api.static.*)))
 ._clock_control_driver_api.static.silabs_clock_control_api_
                0x0000000000004a4c       0x1c zephyr/drivers/clock_control/libdrivers__clock_control.a(clock_control_silabs_series.c.obj)
                0x0000000000004a68                _clock_control_driver_api_list_end = .

comparator_driver_api_area
                0x0000000000004a68        0x0
                0x0000000000004a68                _comparator_driver_api_list_start = .
 *(SORT_BY_NAME(SORT_BY_ALIGNMENT(._comparator_driver_api.static.*)))
                0x0000000000004a68                _comparator_driver_api_list_end = .

coredump_driver_api_area
                0x0000000000004a68        0x0
                0x0000000000004a68                _coredump_driver_api_list_start = .
 *(SORT_BY_NAME(SORT_BY_ALIGNMENT(._coredump_driver_api.static.*)))
                0x0000000000004a68                _coredump_driver_api_list_end = .

counter_driver_api_area
                0x0000000000004a68        0x0
                0x0000000000004a68                _counter_driver_api_list_start = .
 *(SORT_BY_NAME(SORT_BY_ALIGNMENT(._counter_driver_api.static.*)))
                0x0000000000004a68                _counter_driver_api_list_end = .

dac_driver_api_area
                0x0000000000004a68        0x0
                0x0000000000004a68                _dac_driver_api_list_start = .
 *(SORT_BY_NAME(SORT_BY_ALIGNMENT(._dac_driver_api.static.*)))
                0x0000000000004a68                _dac_driver_api_list_end = .

dai_driver_api_area
                0x0000000000004a68        0x0
                0x0000000000004a68                _dai_driver_api_list_start = .
 *(SORT_BY_NAME(SORT_BY_ALIGNMENT(._dai_driver_api.static.*)))
                0x0000000000004a68                _dai_driver_api_list_end = .

display_driver_api_area
                0x0000000000004a68        0x0
                0x0000000000004a68                _display_driver_api_list_start = .
 *(SORT_BY_NAME(SORT_BY_ALIGNMENT(._display_driver_api.static.*)))
                0x0000000000004a68                _display_driver_api_list_end = .

dma_driver_api_area
                0x0000000000004a68        0x0
                0x0000000000004a68                _dma_driver_api_list_start = .
 *(SORT_BY_NAME(SORT_BY_ALIGNMENT(._dma_driver_api.static.*)))
                0x0000000000004a68                _dma_driver_api_list_end = .

edac_driver_api_area
                0x0000000000004a68        0x0
                0x0000000000004a68                _edac_driver_api_list_start = .
 *(SORT_BY_NAME(SORT_BY_ALIGNMENT(._edac_driver_api.static.*)))
                0x0000000000004a68                _edac_driver_api_list_end = .

eeprom_driver_api_area
                0x0000000000004a68        0x0
                0x0000000000004a68                _eeprom_driver_api_list_start = .
 *(SORT_BY_NAME(SORT_BY_ALIGNMENT(._eeprom_driver_api.static.*)))
                0x0000000000004a68                _eeprom_driver_api_list_end = .

emul_bbram_driver_api_area
                0x0000000000004a68        0x0
                0x0000000000004a68                _emul_bbram_driver_api_list_start = .
 *(SORT_BY_NAME(SORT_BY_ALIGNMENT(._emul_bbram_driver_api.static.*)))
                0x0000000000004a68                _emul_bbram_driver_api_list_end = .

fuel_gauge_emul_driver_api_area
                0x0000000000004a68        0x0
                0x0000000000004a68                _fuel_gauge_emul_driver_api_list_start = .
 *(SORT_BY_NAME(SORT_BY_ALIGNMENT(._fuel_gauge_emul_driver_api.static.*)))
                0x0000000000004a68                _fuel_gauge_emul_driver_api_list_end = .

emul_sensor_driver_api_area
                0x0000000000004a68        0x0
                0x0000000000004a68                _emul_sensor_driver_api_list_start = .
 *(SORT_BY_NAME(SORT_BY_ALIGNMENT(._emul_sensor_driver_api.static.*)))
                0x0000000000004a68                _emul_sensor_driver_api_list_end = .

entropy_driver_api_area
                0x0000000000004a68        0x0
                0x0000000000004a68                _entropy_driver_api_list_start = .
 *(SORT_BY_NAME(SORT_BY_ALIGNMENT(._entropy_driver_api.static.*)))
                0x0000000000004a68                _entropy_driver_api_list_end = .

espi_driver_api_area
                0x0000000000004a68        0x0
                0x0000000000004a68                _espi_driver_api_list_start = .
 *(SORT_BY_NAME(SORT_BY_ALIGNMENT(._espi_driver_api.static.*)))
                0x0000000000004a68                _espi_driver_api_list_end = .

espi_saf_driver_api_area
                0x0000000000004a68        0x0
                0x0000000000004a68                _espi_saf_driver_api_list_start = .
 *(SORT_BY_NAME(SORT_BY_ALIGNMENT(._espi_saf_driver_api.static.*)))
                0x0000000000004a68                _espi_saf_driver_api_list_end = .

flash_driver_api_area
                0x0000000000004a68        0x0
                0x0000000000004a68                _flash_driver_api_list_start = .
 *(SORT_BY_NAME(SORT_BY_ALIGNMENT(._flash_driver_api.static.*)))
                0x0000000000004a68                _flash_driver_api_list_end = .

fpga_driver_api_area
                0x0000000000004a68        0x0
                0x0000000000004a68                _fpga_driver_api_list_start = .
 *(SORT_BY_NAME(SORT_BY_ALIGNMENT(._fpga_driver_api.static.*)))
                0x0000000000004a68                _fpga_driver_api_list_end = .

fuel_gauge_driver_api_area
                0x0000000000004a68        0x0
                0x0000000000004a68                _fuel_gauge_driver_api_list_start = .
 *(SORT_BY_NAME(SORT_BY_ALIGNMENT(._fuel_gauge_driver_api.static.*)))
                0x0000000000004a68                _fuel_gauge_driver_api_list_end = .

gnss_driver_api_area
                0x0000000000004a68        0x0
                0x0000000000004a68                _gnss_driver_api_list_start = .
 *(SORT_BY_NAME(SORT_BY_ALIGNMENT(._gnss_driver_api.static.*)))
                0x0000000000004a68                _gnss_driver_api_list_end = .

haptics_driver_api_area
                0x0000000000004a68        0x0
                0x0000000000004a68                _haptics_driver_api_list_start = .
 *(SORT_BY_NAME(SORT_BY_ALIGNMENT(._haptics_driver_api.static.*)))
                0x0000000000004a68                _haptics_driver_api_list_end = .

hwspinlock_driver_api_area
                0x0000000000004a68        0x0
                0x0000000000004a68                _hwspinlock_driver_api_list_start = .
 *(SORT_BY_NAME(SORT_BY_ALIGNMENT(._hwspinlock_driver_api.static.*)))
                0x0000000000004a68                _hwspinlock_driver_api_list_end = .

i2c_driver_api_area
                0x0000000000004a68        0x0
                0x0000000000004a68                _i2c_driver_api_list_start = .
 *(SORT_BY_NAME(SORT_BY_ALIGNMENT(._i2c_driver_api.static.*)))
                0x0000000000004a68                _i2c_driver_api_list_end = .

i2c_target_driver_api_area
                0x0000000000004a68        0x0
                0x0000000000004a68                _i2c_target_driver_api_list_start = .
 *(SORT_BY_NAME(SORT_BY_ALIGNMENT(._i2c_target_driver_api.static.*)))
                0x0000000000004a68                _i2c_target_driver_api_list_end = .

i2s_driver_api_area
                0x0000000000004a68        0x0
                0x0000000000004a68                _i2s_driver_api_list_start = .
 *(SORT_BY_NAME(SORT_BY_ALIGNMENT(._i2s_driver_api.static.*)))
                0x0000000000004a68                _i2s_driver_api_list_end = .

i3c_driver_api_area
                0x0000000000004a68        0x0
                0x0000000000004a68                _i3c_driver_api_list_start = .
 *(SORT_BY_NAME(SORT_BY_ALIGNMENT(._i3c_driver_api.static.*)))
                0x0000000000004a68                _i3c_driver_api_list_end = .

ipm_driver_api_area
                0x0000000000004a68        0x0
                0x0000000000004a68                _ipm_driver_api_list_start = .
 *(SORT_BY_NAME(SORT_BY_ALIGNMENT(._ipm_driver_api.static.*)))
                0x0000000000004a68                _ipm_driver_api_list_end = .

kscan_driver_api_area
                0x0000000000004a68        0x0
                0x0000000000004a68                _kscan_driver_api_list_start = .
 *(SORT_BY_NAME(SORT_BY_ALIGNMENT(._kscan_driver_api.static.*)))
                0x0000000000004a68                _kscan_driver_api_list_end = .

led_driver_api_area
                0x0000000000004a68        0x0
                0x0000000000004a68                _led_driver_api_list_start = .
 *(SORT_BY_NAME(SORT_BY_ALIGNMENT(._led_driver_api.static.*)))
                0x0000000000004a68                _led_driver_api_list_end = .

led_strip_driver_api_area
                0x0000000000004a68        0x0
                0x0000000000004a68                _led_strip_driver_api_list_start = .
 *(SORT_BY_NAME(SORT_BY_ALIGNMENT(._led_strip_driver_api.static.*)))
                0x0000000000004a68                _led_strip_driver_api_list_end = .

lora_driver_api_area
                0x0000000000004a68        0x0
                0x0000000000004a68                _lora_driver_api_list_start = .
 *(SORT_BY_NAME(SORT_BY_ALIGNMENT(._lora_driver_api.static.*)))
                0x0000000000004a68                _lora_driver_api_list_end = .

mbox_driver_api_area
                0x0000000000004a68        0x0
                0x0000000000004a68                _mbox_driver_api_list_start = .
 *(SORT_BY_NAME(SORT_BY_ALIGNMENT(._mbox_driver_api.static.*)))
                0x0000000000004a68                _mbox_driver_api_list_end = .

mdio_driver_api_area
                0x0000000000004a68        0x0
                0x0000000000004a68                _mdio_driver_api_list_start = .
 *(SORT_BY_NAME(SORT_BY_ALIGNMENT(._mdio_driver_api.static.*)))
                0x0000000000004a68                _mdio_driver_api_list_end = .

mipi_dbi_driver_api_area
                0x0000000000004a68        0x0
                0x0000000000004a68                _mipi_dbi_driver_api_list_start = .
 *(SORT_BY_NAME(SORT_BY_ALIGNMENT(._mipi_dbi_driver_api.static.*)))
                0x0000000000004a68                _mipi_dbi_driver_api_list_end = .

mipi_dsi_driver_api_area
                0x0000000000004a68        0x0
                0x0000000000004a68                _mipi_dsi_driver_api_list_start = .
 *(SORT_BY_NAME(SORT_BY_ALIGNMENT(._mipi_dsi_driver_api.static.*)))
                0x0000000000004a68                _mipi_dsi_driver_api_list_end = .

mspi_driver_api_area
                0x0000000000004a68        0x0
                0x0000000000004a68                _mspi_driver_api_list_start = .
 *(SORT_BY_NAME(SORT_BY_ALIGNMENT(._mspi_driver_api.static.*)))
                0x0000000000004a68                _mspi_driver_api_list_end = .

peci_driver_api_area
                0x0000000000004a68        0x0
                0x0000000000004a68                _peci_driver_api_list_start = .
 *(SORT_BY_NAME(SORT_BY_ALIGNMENT(._peci_driver_api.static.*)))
                0x0000000000004a68                _peci_driver_api_list_end = .

ps2_driver_api_area
                0x0000000000004a68        0x0
                0x0000000000004a68                _ps2_driver_api_list_start = .
 *(SORT_BY_NAME(SORT_BY_ALIGNMENT(._ps2_driver_api.static.*)))
                0x0000000000004a68                _ps2_driver_api_list_end = .

ptp_clock_driver_api_area
                0x0000000000004a68        0x0
                0x0000000000004a68                _ptp_clock_driver_api_list_start = .
 *(SORT_BY_NAME(SORT_BY_ALIGNMENT(._ptp_clock_driver_api.static.*)))
                0x0000000000004a68                _ptp_clock_driver_api_list_end = .

pwm_driver_api_area
                0x0000000000004a68        0x0
                0x0000000000004a68                _pwm_driver_api_list_start = .
 *(SORT_BY_NAME(SORT_BY_ALIGNMENT(._pwm_driver_api.static.*)))
                0x0000000000004a68                _pwm_driver_api_list_end = .

regulator_parent_driver_api_area
                0x0000000000004a68        0x0
                0x0000000000004a68                _regulator_parent_driver_api_list_start = .
 *(SORT_BY_NAME(SORT_BY_ALIGNMENT(._regulator_parent_driver_api.static.*)))
                0x0000000000004a68                _regulator_parent_driver_api_list_end = .

regulator_driver_api_area
                0x0000000000004a68        0x0
                0x0000000000004a68                _regulator_driver_api_list_start = .
 *(SORT_BY_NAME(SORT_BY_ALIGNMENT(._regulator_driver_api.static.*)))
                0x0000000000004a68                _regulator_driver_api_list_end = .

reset_driver_api_area
                0x0000000000004a68        0x0
                0x0000000000004a68                _reset_driver_api_list_start = .
 *(SORT_BY_NAME(SORT_BY_ALIGNMENT(._reset_driver_api.static.*)))
                0x0000000000004a68                _reset_driver_api_list_end = .

retained_mem_driver_api_area
                0x0000000000004a68        0x0
                0x0000000000004a68                _retained_mem_driver_api_list_start = .
 *(SORT_BY_NAME(SORT_BY_ALIGNMENT(._retained_mem_driver_api.static.*)))
                0x0000000000004a68                _retained_mem_driver_api_list_end = .

rtc_driver_api_area
                0x0000000000004a68        0x0
                0x0000000000004a68                _rtc_driver_api_list_start = .
 *(SORT_BY_NAME(SORT_BY_ALIGNMENT(._rtc_driver_api.static.*)))
                0x0000000000004a68                _rtc_driver_api_list_end = .

sdhc_driver_api_area
                0x0000000000004a68        0x0
                0x0000000000004a68                _sdhc_driver_api_list_start = .
 *(SORT_BY_NAME(SORT_BY_ALIGNMENT(._sdhc_driver_api.static.*)))
                0x0000000000004a68                _sdhc_driver_api_list_end = .

sensor_driver_api_area
                0x0000000000004a68        0x0
                0x0000000000004a68                _sensor_driver_api_list_start = .
 *(SORT_BY_NAME(SORT_BY_ALIGNMENT(._sensor_driver_api.static.*)))
                0x0000000000004a68                _sensor_driver_api_list_end = .

smbus_driver_api_area
                0x0000000000004a68        0x0
                0x0000000000004a68                _smbus_driver_api_list_start = .
 *(SORT_BY_NAME(SORT_BY_ALIGNMENT(._smbus_driver_api.static.*)))
                0x0000000000004a68                _smbus_driver_api_list_end = .

spi_driver_api_area
                0x0000000000004a68        0x0
                0x0000000000004a68                _spi_driver_api_list_start = .
 *(SORT_BY_NAME(SORT_BY_ALIGNMENT(._spi_driver_api.static.*)))
                0x0000000000004a68                _spi_driver_api_list_end = .

stepper_driver_api_area
                0x0000000000004a68        0x0
                0x0000000000004a68                _stepper_driver_api_list_start = .
 *(SORT_BY_NAME(SORT_BY_ALIGNMENT(._stepper_driver_api.static.*)))
                0x0000000000004a68                _stepper_driver_api_list_end = .

syscon_driver_api_area
                0x0000000000004a68        0x0
                0x0000000000004a68                _syscon_driver_api_list_start = .
 *(SORT_BY_NAME(SORT_BY_ALIGNMENT(._syscon_driver_api.static.*)))
                0x0000000000004a68                _syscon_driver_api_list_end = .

tee_driver_api_area
                0x0000000000004a68        0x0
                0x0000000000004a68                _tee_driver_api_list_start = .
 *(SORT_BY_NAME(SORT_BY_ALIGNMENT(._tee_driver_api.static.*)))
                0x0000000000004a68                _tee_driver_api_list_end = .

video_driver_api_area
                0x0000000000004a68        0x0
                0x0000000000004a68                _video_driver_api_list_start = .
 *(SORT_BY_NAME(SORT_BY_ALIGNMENT(._video_driver_api.static.*)))
                0x0000000000004a68                _video_driver_api_list_end = .

w1_driver_api_area
                0x0000000000004a68        0x0
                0x0000000000004a68                _w1_driver_api_list_start = .
 *(SORT_BY_NAME(SORT_BY_ALIGNMENT(._w1_driver_api.static.*)))
                0x0000000000004a68                _w1_driver_api_list_end = .

wdt_driver_api_area
                0x0000000000004a68        0x0
                0x0000000000004a68                _wdt_driver_api_list_start = .
 *(SORT_BY_NAME(SORT_BY_ALIGNMENT(._wdt_driver_api.static.*)))
                0x0000000000004a68                _wdt_driver_api_list_end = .

can_transceiver_driver_api_area
                0x0000000000004a68        0x0
                0x0000000000004a68                _can_transceiver_driver_api_list_start = .
 *(SORT_BY_NAME(SORT_BY_ALIGNMENT(._can_transceiver_driver_api.static.*)))
                0x0000000000004a68                _can_transceiver_driver_api_list_end = .

nrf_clock_control_driver_api_area
                0x0000000000004a68        0x0
                0x0000000000004a68                _nrf_clock_control_driver_api_list_start = .
 *(SORT_BY_NAME(SORT_BY_ALIGNMENT(._nrf_clock_control_driver_api.static.*)))
                0x0000000000004a68                _nrf_clock_control_driver_api_list_end = .

i3c_target_driver_api_area
                0x0000000000004a68        0x0
                0x0000000000004a68                _i3c_target_driver_api_list_start = .
 *(SORT_BY_NAME(SORT_BY_ALIGNMENT(._i3c_target_driver_api.static.*)))
                0x0000000000004a68                _i3c_target_driver_api_list_end = .

its_driver_api_area
                0x0000000000004a68        0x0
                0x0000000000004a68                _its_driver_api_list_start = .
 *(SORT_BY_NAME(SORT_BY_ALIGNMENT(._its_driver_api.static.*)))
                0x0000000000004a68                _its_driver_api_list_end = .

vtd_driver_api_area
                0x0000000000004a68        0x0
                0x0000000000004a68                _vtd_driver_api_list_start = .
 *(SORT_BY_NAME(SORT_BY_ALIGNMENT(._vtd_driver_api.static.*)))
                0x0000000000004a68                _vtd_driver_api_list_end = .

tgpio_driver_api_area
                0x0000000000004a68        0x0
                0x0000000000004a68                _tgpio_driver_api_list_start = .
 *(SORT_BY_NAME(SORT_BY_ALIGNMENT(._tgpio_driver_api.static.*)))
                0x0000000000004a68                _tgpio_driver_api_list_end = .

pcie_ctrl_driver_api_area
                0x0000000000004a68        0x0
                0x0000000000004a68                _pcie_ctrl_driver_api_list_start = .
 *(SORT_BY_NAME(SORT_BY_ALIGNMENT(._pcie_ctrl_driver_api.static.*)))
                0x0000000000004a68                _pcie_ctrl_driver_api_list_end = .

pcie_ep_driver_api_area
                0x0000000000004a68        0x0
                0x0000000000004a68                _pcie_ep_driver_api_list_start = .
 *(SORT_BY_NAME(SORT_BY_ALIGNMENT(._pcie_ep_driver_api.static.*)))
                0x0000000000004a68                _pcie_ep_driver_api_list_end = .

svc_driver_api_area
                0x0000000000004a68        0x0
                0x0000000000004a68                _svc_driver_api_list_start = .
 *(SORT_BY_NAME(SORT_BY_ALIGNMENT(._svc_driver_api.static.*)))
                0x0000000000004a68                _svc_driver_api_list_end = .

uart_driver_api_area
                0x0000000000004a68       0x4c
                0x0000000000004a68                _uart_driver_api_list_start = .
 *(SORT_BY_NAME(SORT_BY_ALIGNMENT(._uart_driver_api.static.*)))
 ._uart_driver_api.static.uart_silabs_driver_api_
                0x0000000000004a68       0x4c zephyr/drivers/serial/libdrivers__serial.a(uart_silabs_usart.c.obj)
                0x0000000000004ab4                _uart_driver_api_list_end = .

bc12_emul_driver_api_area
                0x0000000000004ab4        0x0
                0x0000000000004ab4                _bc12_emul_driver_api_list_start = .
 *(SORT_BY_NAME(SORT_BY_ALIGNMENT(._bc12_emul_driver_api.static.*)))
                0x0000000000004ab4                _bc12_emul_driver_api_list_end = .

bc12_driver_api_area
                0x0000000000004ab4        0x0
                0x0000000000004ab4                _bc12_driver_api_list_start = .
 *(SORT_BY_NAME(SORT_BY_ALIGNMENT(._bc12_driver_api.static.*)))
                0x0000000000004ab4                _bc12_driver_api_list_end = .

usbc_ppc_driver_api_area
                0x0000000000004ab4        0x0
                0x0000000000004ab4                _usbc_ppc_driver_api_list_start = .
 *(SORT_BY_NAME(SORT_BY_ALIGNMENT(._usbc_ppc_driver_api.static.*)))
                0x0000000000004ab4                _usbc_ppc_driver_api_list_end = .

tcpc_driver_api_area
                0x0000000000004ab4        0x0
                0x0000000000004ab4                _tcpc_driver_api_list_start = .
 *(SORT_BY_NAME(SORT_BY_ALIGNMENT(._tcpc_driver_api.static.*)))
                0x0000000000004ab4                _tcpc_driver_api_list_end = .

usbc_vbus_driver_api_area
                0x0000000000004ab4        0x0
                0x0000000000004ab4                _usbc_vbus_driver_api_list_start = .
 *(SORT_BY_NAME(SORT_BY_ALIGNMENT(._usbc_vbus_driver_api.static.*)))
                0x0000000000004ab4                _usbc_vbus_driver_api_list_end = .

ivshmem_driver_api_area
                0x0000000000004ab4        0x0
                0x0000000000004ab4                _ivshmem_driver_api_list_start = .
 *(SORT_BY_NAME(SORT_BY_ALIGNMENT(._ivshmem_driver_api.static.*)))
                0x0000000000004ab4                _ivshmem_driver_api_list_end = .

ethphy_driver_api_area
                0x0000000000004ab4        0x0
                0x0000000000004ab4                _ethphy_driver_api_list_start = .
 *(SORT_BY_NAME(SORT_BY_ALIGNMENT(._ethphy_driver_api.static.*)))
                0x0000000000004ab4                _ethphy_driver_api_list_end = .

ztest           0x0000000000004ab4        0x0
                0x0000000000004ab4                _ztest_expected_result_entry_list_start = .
 *(SORT_BY_NAME(SORT_BY_ALIGNMENT(._ztest_expected_result_entry.static.*)))
                0x0000000000004ab4                _ztest_expected_result_entry_list_end = .
                0x0000000000004ab4                _ztest_suite_node_list_start = .
 *(SORT_BY_NAME(SORT_BY_ALIGNMENT(._ztest_suite_node.static.*)))
                0x0000000000004ab4                _ztest_suite_node_list_end = .
                0x0000000000004ab4                _ztest_unit_test_list_start = .
 *(SORT_BY_NAME(SORT_BY_ALIGNMENT(._ztest_unit_test.static.*)))
                0x0000000000004ab4                _ztest_unit_test_list_end = .
                0x0000000000004ab4                _ztest_test_rule_list_start = .
 *(SORT_BY_NAME(SORT_BY_ALIGNMENT(._ztest_test_rule.static.*)))
                0x0000000000004ab4                _ztest_test_rule_list_end = .

init_array      0x0000000000004ab4        0x0
 *(SORT_BY_NAME(SORT_BY_ALIGNMENT(.ctors*)))
 *(SORT_BY_NAME(SORT_BY_ALIGNMENT(.init_array*)))
                0x0000000000000001                ASSERT ((SIZEOF (init_array) == 0x0), GNU-style constructors required but STATIC_INIT_GNU not enabled)

bt_l2cap_fixed_chan_area
                0x0000000000004ab4        0x0
                0x0000000000004ab4                _bt_l2cap_fixed_chan_list_start = .
 *(SORT_BY_NAME(SORT_BY_ALIGNMENT(._bt_l2cap_fixed_chan.static.*)))
                0x0000000000004ab4                _bt_l2cap_fixed_chan_list_end = .

bt_gatt_service_static_area
                0x0000000000004ab4        0x0
                0x0000000000004ab4                _bt_gatt_service_static_list_start = .
 *(SORT_BY_NAME(SORT_BY_ALIGNMENT(._bt_gatt_service_static.static.*)))
                0x0000000000004ab4                _bt_gatt_service_static_list_end = .

log_strings_area
                0x0000000000004ab4        0x0
                0x0000000000004ab4                _log_strings_list_start = .
 *(SORT_BY_NAME(SORT_BY_ALIGNMENT(._log_strings.static.*)))
                0x0000000000004ab4                _log_strings_list_end = .

log_stmesp_ptr_area
                0x0000000000004ab4        0x0
                0x0000000000004ab4                _log_stmesp_ptr_list_start = .
 *(SORT_BY_NAME(SORT_BY_ALIGNMENT(._log_stmesp_ptr.static.*)))
                0x0000000000004ab4                _log_stmesp_ptr_list_end = .

log_stmesp_str_area
                0x0000000000004ab4        0x0
                0x0000000000004ab4                _log_stmesp_str_list_start = .
 *(SORT_BY_NAME(SORT_BY_ALIGNMENT(._log_stmesp_str.static.*)))
                0x0000000000004ab4                _log_stmesp_str_list_end = .

log_const_area  0x0000000000004ab4        0x0
                0x0000000000004ab4                _log_const_list_start = .
 *(SORT_BY_NAME(SORT_BY_ALIGNMENT(._log_const.static.*)))
                0x0000000000004ab4                _log_const_list_end = .

log_backend_area
                0x0000000000004ab4        0x0
                0x0000000000004ab4                _log_backend_list_start = .
 *(SORT_BY_NAME(SORT_BY_ALIGNMENT(._log_backend.static.*)))
                0x0000000000004ab4                _log_backend_list_end = .

log_link_area   0x0000000000004ab4        0x0
                0x0000000000004ab4                _log_link_list_start = .
 *(SORT_BY_NAME(SORT_BY_ALIGNMENT(._log_link.static.*)))
                0x0000000000004ab4                _log_link_list_end = .

tracing_backend_area
                0x0000000000004ab4        0x0
                0x0000000000004ab4                _tracing_backend_list_start = .
 *(SORT_BY_NAME(SORT_BY_ALIGNMENT(._tracing_backend.static.*)))
                0x0000000000004ab4                _tracing_backend_list_end = .

zephyr_dbg_info
 *(SORT_BY_ALIGNMENT(.dbg_thread_info))

intc_table_area
                0x0000000000004ab4        0x0
                0x0000000000004ab4                _intc_table_list_start = .
 *(SORT_BY_NAME(SORT_BY_ALIGNMENT(._intc_table.static.*)))
                0x0000000000004ab4                _intc_table_list_end = .

symbol_to_keep  0x0000000000004ab4        0x0
                0x0000000000004ab4                __symbol_to_keep_start = .
 *(SORT_BY_NAME(SORT_BY_ALIGNMENT(.symbol_to_keep*)))
                0x0000000000004ab4                __symbol_to_keep_end = .

shell_area      0x0000000000004ab4        0x0
                0x0000000000004ab4                _shell_list_start = .
 *(SORT_BY_NAME(SORT_BY_ALIGNMENT(._shell.static.*)))
                0x0000000000004ab4                _shell_list_end = .

shell_root_cmds_area
                0x0000000000004ab4        0x0
                0x0000000000004ab4                _shell_root_cmds_list_start = .
 *(SORT_BY_NAME(SORT_BY_ALIGNMENT(._shell_root_cmds.static.*)))
                0x0000000000004ab4                _shell_root_cmds_list_end = .

shell_subcmds_area
                0x0000000000004ab4        0x0
                0x0000000000004ab4                _shell_subcmds_list_start = .
 *(SORT_BY_NAME(SORT_BY_ALIGNMENT(._shell_subcmds.static.*)))
                0x0000000000004ab4                _shell_subcmds_list_end = .

shell_dynamic_subcmds_area
                0x0000000000004ab4        0x0
                0x0000000000004ab4                _shell_dynamic_subcmds_list_start = .
 *(SORT_BY_NAME(SORT_BY_ALIGNMENT(._shell_dynamic_subcmds.static.*)))
                0x0000000000004ab4                _shell_dynamic_subcmds_list_end = .

cfb_font_area   0x0000000000004ab4        0x0
                0x0000000000004ab4                _cfb_font_list_start = .
 *(SORT_BY_NAME(SORT_BY_ALIGNMENT(._cfb_font.static.*)))
                0x0000000000004ab4                _cfb_font_list_end = .

.cc_text        0x0000000000004ab4      0x65e
                0x0000000000004ab4                _cc_text_start = .
 *(SORT_BY_ALIGNMENT(text_*[0-9]))
 text_system_timecritical3213
                0x0000000000004ab4        0xc zephyr/libzephyr.a(system_efr32bg22.c.obj)
                0x0000000000004ab4                SystemHFRCODPLLClockGet
 text_system_timecritical4216
                0x0000000000004ac0       0x34 zephyr/libzephyr.a(system_efr32bg22.c.obj)
                0x0000000000004ac0                SystemSYSCLKGet
 text_system_timecritical0169
                0x0000000000004af4       0x24 zephyr/libzephyr.a(system_efr32bg22.c.obj)
                0x0000000000004af4                SystemHCLKGet
 text_system_timecritical5218
                0x0000000000004b18        0x8 zephyr/libzephyr.a(system_efr32bg22.c.obj)
                0x0000000000004b18                SystemMaxCoreClockGet
 text_system_timecritical6220
                0x0000000000004b20        0x8 zephyr/libzephyr.a(system_efr32bg22.c.obj)
                0x0000000000004b20                SystemFSRCOClockGet
 text_system_timecritical7222
                0x0000000000004b28        0xc zephyr/libzephyr.a(system_efr32bg22.c.obj)
                0x0000000000004b28                SystemHFXOClockGet
 text_system_timecritical9227
                0x0000000000004b34        0xc zephyr/libzephyr.a(system_efr32bg22.c.obj)
                0x0000000000004b34                SystemLFXOClockGet
 text_sleeptimer_timecritical3970
                0x0000000000004b40       0x64 zephyr/libzephyr.a(sl_sleeptimer_hal_rtcc.c.obj)
                0x0000000000004b40                sleeptimer_hal_set_compare
 text_sleeptimer_timecritical4185
                0x0000000000004ba4       0x18 zephyr/libzephyr.a(sl_sleeptimer_hal_rtcc.c.obj)
                0x0000000000004ba4                sleeptimer_hal_get_timer_frequency
 text_sleeptimer_timecritical43101
                0x0000000000004bbc       0x30 zephyr/libzephyr.a(sl_sleeptimer_hal_rtcc.c.obj)
                0x0000000000004bbc                sleeptimer_hal_disable_int
 text_sleeptimer_timecritical44109
                0x0000000000004bec       0x10 zephyr/libzephyr.a(sl_sleeptimer_hal_rtcc.c.obj)
                0x0000000000004bec                sleeptimer_hal_set_int
 text_sleeptimer_timecritical65121
                0x0000000000004bfc       0x44 zephyr/libzephyr.a(sl_sleeptimer.c.obj)
 text_sleeptimer_timecritical66125
                0x0000000000004c40       0x3c zephyr/libzephyr.a(sl_sleeptimer.c.obj)
 text_sleeptimer_timecritical68131
                0x0000000000004c7c       0x34 zephyr/libzephyr.a(sl_sleeptimer.c.obj)
 text_sleeptimer_timecritical67128
                0x0000000000004cb0       0x64 zephyr/libzephyr.a(sl_sleeptimer.c.obj)
 text_sleeptimer_timecritical71140
                0x0000000000004d14       0x88 zephyr/libzephyr.a(sl_sleeptimer.c.obj)
 text_sleeptimer_timecritical32263
                0x0000000000004d9c       0x58 zephyr/libzephyr.a(sl_sleeptimer.c.obj)
                0x0000000000004d9c                sl_sleeptimer_stop_timer
 text_sleeptimer_timecritical33276
                0x0000000000004df4       0x3c zephyr/libzephyr.a(sl_sleeptimer.c.obj)
                0x0000000000004df4                sl_sleeptimer_is_timer_running
 text_sleeptimer_timecritical38329
                0x0000000000004e30        0xc zephyr/libzephyr.a(sl_sleeptimer.c.obj)
                0x0000000000004e30                sl_sleeptimer_get_timer_frequency
 text_sleeptimer_timecritical64151
                0x0000000000004e3c      0x128 zephyr/libzephyr.a(sl_sleeptimer.c.obj)
                0x0000000000004e3c                process_timer_irq
 text_system_timecritical8225
                0x0000000000004f64        0x4 zephyr/libzephyr.a(system_efr32bg22.c.obj)
                0x0000000000004f64                SystemCLKIN0Get
 text_system_timecritical10230
                0x0000000000004f68        0x6 zephyr/libzephyr.a(system_efr32bg22.c.obj)
                0x0000000000004f68                SystemLFRCOClockGet
 text_system_timecritical11232
                0x0000000000004f6e        0x6 zephyr/libzephyr.a(system_efr32bg22.c.obj)
                0x0000000000004f6e                SystemULFRCOClockGet
 text_clock_manager_timecritical1352
                0x0000000000004f74        0xa zephyr/libzephyr.a(sl_clock_manager.c.obj)
                0x0000000000004f74                sl_clock_manager_get_clock_branch_frequency
 text_clock_manager_timecritical3161
                0x0000000000004f7e       0xa8 zephyr/libzephyr.a(sl_clock_manager_hal_s2.c.obj)
                0x0000000000004f7e                sli_clock_manager_hal_get_clock_branch_frequency
 text_sleeptimer_timecritical3754
                0x0000000000005026        0xe zephyr/libzephyr.a(sl_sleeptimer_hal_rtcc.c.obj)
                0x0000000000005026                sleeptimer_hal_get_counter
 text_sleeptimer_timecritical4293
                0x0000000000005034       0x18 zephyr/libzephyr.a(sl_sleeptimer_hal_rtcc.c.obj)
                0x0000000000005034                sleeptimer_hal_enable_int
 text_sleeptimer_timecritical29189
                0x000000000000504c       0x3e zephyr/libzephyr.a(sl_sleeptimer.c.obj)
                0x000000000000504c                sl_sleeptimer_restart_timer
 text_sleeptimer_timecritical28161
                0x000000000000508a       0x48 zephyr/libzephyr.a(sl_sleeptimer.c.obj)
                0x000000000000508a                sl_sleeptimer_start_timer
 text_sleeptimer_timecritical36313
                0x00000000000050d2       0x18 zephyr/libzephyr.a(sl_sleeptimer.c.obj)
                0x00000000000050d2                sl_sleeptimer_get_tick_count
 text_core_timecritical2316
                0x00000000000050ea        0xa zephyr/libzephyr.a(sl_core_cortexm.c.obj)
                0x00000000000050ea                CORE_ExitCritical
 text_core_timecritical4340
                0x00000000000050f4        0x8 zephyr/libzephyr.a(sl_core_cortexm.c.obj)
                0x00000000000050f4                CORE_EnterCritical
 text_core_timecritical7389
                0x00000000000050fc        0xa zephyr/libzephyr.a(sl_core_cortexm.c.obj)
                0x00000000000050fc                CORE_ExitAtomic
 text_core_timecritical9421
                0x0000000000005106        0xc zephyr/libzephyr.a(sl_core_cortexm.c.obj)
                0x0000000000005106                CORE_EnterAtomic
                0x0000000000005112                _cc_text_end = .
                0x000000000000065e                _cc_text_size = (_cc_text_end - _cc_text_start)

tdata           0x0000000000005112        0x0
 *(SORT_BY_ALIGNMENT(.tdata) SORT_BY_ALIGNMENT(.tdata.*) SORT_BY_ALIGNMENT(.gnu.linkonce.td.*))

tbss            0x0000000000005114        0x4
 *(SORT_BY_ALIGNMENT(.tbss) SORT_BY_ALIGNMENT(.tbss.*) SORT_BY_ALIGNMENT(.gnu.linkonce.tb.*) SORT_BY_ALIGNMENT(.tcommon))
 .tbss.z_tls_current
                0x0000000000005114        0x4 zephyr/libzephyr.a(thread_entry.c.obj)
                0x0000000000005114                z_tls_current
                0x0000000000005112                PROVIDE (__tdata_start = LOADADDR (tdata))
                0x0000000000000001                PROVIDE (__tdata_align = ALIGNOF (tdata))
                0x0000000000000000                PROVIDE (__tdata_size = (((SIZEOF (tdata) + __tdata_align) - 0x1) & ~ ((__tdata_align - 0x1))))
                [!provide]                        PROVIDE (__tdata_end = (__tdata_start + __tdata_size))
                0x0000000000000004                PROVIDE (__tbss_align = ALIGNOF (tbss))
                [!provide]                        PROVIDE (__tbss_start = ADDR (tbss))
                0x0000000000000004                PROVIDE (__tbss_size = (((SIZEOF (tbss) + __tbss_align) - 0x1) & ~ ((__tbss_align - 0x1))))
                [!provide]                        PROVIDE (__tbss_end = (__tbss_start + __tbss_size))
                [!provide]                        PROVIDE (__tls_start = __tdata_start)
                [!provide]                        PROVIDE (__tls_end = __tbss_end)
                [!provide]                        PROVIDE (__tls_size = (__tbss_end - __tdata_start))

rodata          0x0000000000005114      0x430
 *(SORT_BY_ALIGNMENT(.rodata))
 .rodata        0x0000000000005114       0x3c zephyr/libzephyr.a(sl_clock_manager_init_hal_s2.c.obj)
 .rodata        0x0000000000005150       0x1c zephyr/drivers/serial/libdrivers__serial.a(uart_silabs_usart.c.obj)
 .rodata        0x000000000000516c        0xb zephyr/libzephyr.a(sl_sleeptimer_hal_rtcc.c.obj)
 .rodata        0x0000000000005177        0x8 zephyr/libzephyr.a(sl_device_init_dcdc_s2.c.obj)
 *(SORT_BY_ALIGNMENT(.rodata.*))
 *fill*         0x000000000000517f        0x1 
 .rodata.mem_attr_region
                0x0000000000005180        0x0 zephyr/libzephyr.a(mem_attr.c.obj)
 .rodata.sl_peripheral_val_rtcc
                0x0000000000005180        0xc zephyr/libzephyr.a(sl_device_peripheral_hal_efr32xg22.c.obj)
                0x0000000000005180                sl_peripheral_val_rtcc
 .rodata.SL_BUS_CLOCK_RTCC_VALUE
                0x000000000000518c        0x4 zephyr/libzephyr.a(sl_device_clock_efr32xg22.c.obj)
                0x000000000000518c                SL_BUS_CLOCK_RTCC_VALUE
 .rodata.hfrcoCalTable
                0x0000000000005190      0x190 zephyr/libzephyr.a(em_cmu.c.obj)
 .rodata.static_regions
                0x0000000000005320        0xc zephyr/arch/arch/arm/core/mpu/libarch__arm__core__mpu.a(arm_core_mpu.c.obj)
 .rodata.mpu_config
                0x000000000000532c        0x8 zephyr/arch/arch/arm/core/mpu/libarch__arm__core__mpu.a(arm_mpu_regions.c.obj)